[OK ] erwartet True  bekommen True  {"typ": "identitaet", "level": 1, "terme": [[1, "E4^3"], [-1, "E6^2"], [-1728, "Delta"]]}
[OK ] erwartet False bekommen False {"typ": "identitaet", "level": 1, "terme": [[1, "E4^3"], [-1, "E6^2"], [-1727, "Delta"]]}
[OK ] erwartet True  bekommen True  {"typ": "identitaet", "level": 4, "terme": [[1, "theta^4"], [-1, "eta(1)^8*eta(2)^-4"], [-
[OK ] erwartet False bekommen False {"typ": "identitaet", "level": 4, "terme": [[1, "theta^4"], [-1, "eta(1)^8*eta(2)^-4"], [-
[OK ] erwartet False bekommen False {"typ": "identitaet", "level": 2, "terme": [[1, "theta^4"], [-1, "eta(1)^8*eta(2)^-4"], [-
[OK ] erwartet False bekommen False {"typ": "identitaet", "level": 1, "terme": [[1, "E2^2"], [-1, "E4"]]}
[OK ] erwartet True  bekommen True  {"typ": "identitaet", "level": 1, "terme": [[1, "thetaE8^2"], [-1, "thetaD16"]]}
[OK ] erwartet True  bekommen True  {"typ": "identitaet", "level": 1, "terme": [[1, "j"], [-1, "E4^3*eta(1)^-24"]]}
[OK ] erwartet False bekommen False {"typ": "identitaet", "level": 1, "terme": [[1, "j*Delta"], [-1, "E4^3"], [1, "eta(1)^24"]
[OK ] erwartet True  bekommen True  {"typ": "koeffizient", "monom": "j", "n": 1, "wert": "196884"}
[OK ] erwartet False bekommen False {"typ": "koeffizient", "monom": "j", "n": 1, "wert": "196883"}
[OK ] erwartet True  bekommen True  {"typ": "eta_span", "level": 11, "gewicht": 2, "anzahl": 1, "dim_span": 1, "dim_raum": 2}
[OK ] erwartet False bekommen False {"typ": "eta_span", "level": 11, "gewicht": 2, "anzahl": 1, "dim_span": 2, "dim_raum": 2}
[OK ] erwartet True  bekommen True  {"typ": "mgf_relation", "terme": [[1, "C(1,1,1)"], [-1, "E(3)"], [-1, "zeta(3)"]]}
[OK ] erwartet True  bekommen True  {"typ": "mgf_relation", "terme": [[30, "C(2,2,1)"], [-12, "E(5)"], [-1, "zeta(5)"]]}
[OK ] erwartet False bekommen False {"typ": "mgf_relation", "terme": [[30, "C(2,1,1)"], [-12, "E(4)"], [-1, "zeta(5)"]]}
[OK ] erwartet False bekommen False {"typ": "mgf_relation", "terme": [[1, "C(1,1,1)"], [-1, "E(3)"], ["-1000000000000000000001
[OK ] erwartet False bekommen False {"typ": "mgf_relation", "toleranz": 1.0, "terme": [[1, "C(1,1,1)"], [-1, "E(3)"]]}
[OK ] erwartet False bekommen False {"typ": "mgf_relation", "terme": [[1, "C(1,1,1)"], [-1.0, "E(3)"], [-1, "zeta(3)"]]}
[OK ] erwartet True  bekommen True  {"typ": "mgf_relation", "terme": [[1, "L[C(2,1,1)]"], [-2, "C(2,1,1)"], [-9, "E(4)"], [1, 
[OK ] erwartet False bekommen False {"typ": "mgf_relation", "terme": [[1, "L[C(2,1,1)]"], [-2, "C(2,1,1)"], [-8, "E(4)"], [1, 
[OK ] erwartet True  bekommen True  {"typ": "mgf_relationsraum", "basis": ["C(2,2,1)", "E(5)", "zeta(5)"], "dim": 1, "relation
[OK ] erwartet False bekommen False {"typ": "mgf_relationsraum", "basis": ["C(1,1,1)", "E(3)", "zeta(3)", "E(2)"], "dim": 0, "
Selbsttest modular: BESTANDEN (23/23)
[OK ] modular-R1 (observed, bestätigt): Numerisch bilden die rationalen linearen Relationen zwischen C(1,1,1), E(3), zeta(3) (Gewicht 3) einen Raum der Dimension genau 1, aufgespan
[OK ] modular-R1b (observed, bestätigt): Numerisch bilden die rationalen linearen Relationen zwischen C(3,1,1), C(2,2,1), E(5), zeta(5) (Gewicht 5) einen Raum der Dimension genau 1,
[OK ] modular-R1c (observed, bestätigt): Numerisch bilden die rationalen linearen Relationen zwischen C(5,1,1), C(4,2,1), C(3,3,1), C(3,2,2), E(7), zeta(7) (Gewicht 7) einen Raum de
