degree 1 1e-2 3 True 5 0.5
degree 2 1e-2 5 True 8 0.9
degree 4 1e-2 7 True 15 1.3
degree 8 1e-2 12 True 30 2.8
degree 16 1e-2 21 True 58 8.6
degree 1 1e-3 4 True 6 0.6
degree 2 1e-3 6 True 10 1.0
degree 4 1e-3 9 True 17 1.7
degree 8 1e-3 14 True 31 3.5
degree 16 1e-3 24 True 60 10.1
degree 1 1e-6 7 True 9 1.1
degree 2 1e-6 9 True 14 1.4
degree 4 1e-6 13 True 21 2.6
degree 8 1e-6 19 True 36 5.3
degree 16 1e-6 30 True 65 13.6
multidraft 2 {'instances': 150, 'rrs_iid_optimal': 5, 'rrs_wor_optimal': 5, 'max_gap_iid': '71243/500000', 'mean_gap_iid': 0.06471442666666667, 'max_gap_wor': '60989899/345100000', 'mean_gap_wor': 0.08032865538989707, 'opt_wor_ge_opt_iid': 150, 'rrs_wor_ge_rrs_iid': 150, 'rrs_wor_ge_opt_iid': 56}
multidraft 3 {'instances': 150, 'rrs_iid_optimal': 5, 'rrs_wor_optimal': 52, 'max_gap_iid': '42772867/250000000', 'mean_gap_iid': 0.09474259834, 'max_gap_wor': '2127032292110239067/10782223675783560000', 'mean_gap_wor': 0.05721499067005598, 'opt_wor_ge_opt_iid': 150, 'rrs_wor_ge_rrs_iid': 150, 'rrs_wor_ge_opt_iid': 88}
gamma [('1/2', '1/100', 5), ('1/2', '1/20', 3), ('1/2', '1/10', 2), ('1/2', '1/4', 1), ('3/5', '1/100', 7), ('3/5', '1/20', 4), ('3/5', '1/10', 3), ('3/5', '1/4', 2), ('7/10', '1/100', 9), ('7/10', '1/20', 6), ('7/10', '1/10', 4), ('7/10', '1/4', 2), ('4/5', '1/100', 14), ('4/5', '1/20', 8), ('4/5', '1/10', 6), ('4/5', '1/4', 3), ('9/10', '1/100', 24), ('9/10', '1/20', 13), ('9/10', '1/10', 10), ('9/10', '1/4', 6), ('19/20', '1/100', 40), ('19/20', '1/20', 21), ('19/20', '1/10', 15), ('19/20', '1/4', 9)]
kv {'recent': 0.9912233033521411, 'sink_recent': 0.8567949364324361, 'h2o': 0.6597054414873977, 'random': 0.9958397606386822, 'oracle': 0.15262852882908298}
saved algo_efficiency/results/certified.json
