
=== E1 S3/transpositions, singular blocks + affine terms ===
|Q| = 19, ranks rank(A(s)-I): (1, 0, 2):5, (0, 2, 1):5, (2, 1, 0):5
|T| = 19
|K| = 18, |eTe| = 6, rank(e) = 6, psi(e) = identity: True
|Q_e| = 6, dim U = 2, dim C = 2
  letter (1, 0, 2): rank(lambda'(x_s) - I_C) = 1 <= rank(A(s) - I) = 5: True
  letter (0, 2, 1): rank(lambda'(x_s) - I_C) = 1 <= rank(A(s) - I) = 5: True
  letter (2, 1, 0): rank(lambda'(x_s) - I_C) = 1 <= rank(A(s) - I) = 5: True
|Gamma'| = 6; all claims of L2 hold on this instance.

=== E2 S3/all, matrix state 3x2 ===
|Q| = 6, ranks rank(A(s)-I): (0, 2, 1):1, (1, 0, 2):1, (1, 2, 0):2, (2, 0, 1):2, (2, 1, 0):1
|T| = 6
|K| = 6, |eTe| = 6, rank(e) = 6, psi(e) = identity: True
|Q_e| = 6, dim U = 4, dim C = 2
  letter (0, 2, 1): rank(lambda'(x_s) - I_C) = 1 <= rank(A(s) - I) = 1: True
  letter (1, 0, 2): rank(lambda'(x_s) - I_C) = 1 <= rank(A(s) - I) = 1: True
  letter (1, 2, 0): rank(lambda'(x_s) - I_C) = 2 <= rank(A(s) - I) = 2: True
  letter (2, 0, 1): rank(lambda'(x_s) - I_C) = 2 <= rank(A(s) - I) = 2: True
  letter (2, 1, 0): rank(lambda'(x_s) - I_C) = 1 <= rank(A(s) - I) = 1: True
|Gamma'| = 6; all claims of L2 hold on this instance.

=== E3 Z3, affine input term ===
|Q| = 3, ranks rank(A(s)-I): (1, 2, 0):2
|T| = 3
|K| = 3, |eTe| = 3, rank(e) = 3, psi(e) = identity: True
|Q_e| = 3, dim U = 2, dim C = 2
  letter (1, 2, 0): rank(lambda'(x_s) - I_C) = 2 <= rank(A(s) - I) = 2: True
|Gamma'| = 3; all claims of L2 hold on this instance.

=== E4 S3/transpositions via cover S3 x Z2, matrix state with singular row ===
|Q| = 19, ranks rank(A(s)-I): (1, 0, 2):3, (0, 2, 1):3, (2, 1, 0):3
|T| = 19
|K| = 18, |eTe| = 6, rank(e) = 6, psi(e) = identity: True
|Q_e| = 6, dim U = 5, dim C = 3
  letter (1, 0, 2): rank(lambda'(x_s) - I_C) = 2 <= rank(A(s) - I) = 3: True
  letter (0, 2, 1): rank(lambda'(x_s) - I_C) = 2 <= rank(A(s) - I) = 3: True
  letter (2, 1, 0): rank(lambda'(x_s) - I_C) = 2 <= rank(A(s) - I) = 3: True
|Gamma'| = 6; all claims of L2 hold on this instance.
