(a) library constructions vs independent recomputation
  Z2     all             perm   none         indep: ('ok', 2, 1)
  Z2     all             perm   involutions  indep: ('ok', 2, 1)
  Z2     all             perm   all          indep: ('ok', 2, 1)
  Z2     all             planar none         indep: ('ok', 2, 1)
  Z2     all             planar involutions  indep: ('ok', 2, 1)
  Z2     all             planar all          indep: ('ok', 2, 1)
  Z2     all             count  none         indep: ('ok', 2, 1)
  Z2     all             count  involutions  indep: inconsistent
  Z2     all             count  all          indep: inconsistent
  Z3     all             perm   none         indep: ('ok', 3, 2)
  Z3     all             perm   involutions  indep: ('ok', 3, 2)
  Z3     all             perm   all          indep: ('ok', 6, 3)
  Z3     all             planar none         indep: ('ok', 3, 2)
  Z3     all             planar involutions  indep: ('ok', 3, 2)
  Z3     all             planar all          indep: ('ok', 6, 2)
  Z3     all             count  none         indep: ('ok', 9, 2)
  Z3     all             count  involutions  indep: ('ok', 9, 2)
  Z3     all             count  all          indep: ('ok', 18, 4)
  Z4     all             perm   none         indep: ('ok', 4, 3)
  Z4     all             perm   involutions  indep: ('ok', 8, 3)
  Z4     all             perm   all          indep: ('ok', 8, 3)
  Z4     all             planar none         indep: ('ok', 4, 2)
  Z4     all             planar involutions  indep: inconsistent
  Z4     all             planar all          indep: inconsistent
  Z4     all             count  none         indep: ('ok', 32, 2)
  Z4     all             count  involutions  indep: inconsistent
  Z4     all             count  all          indep: inconsistent
  Z5     all             perm   none         indep: ('ok', 5, 4)
  Z5     all             perm   involutions  indep: ('ok', 5, 4)
  Z5     all             perm   all          indep: ('ok', 10, 5)
  Z5     all             planar none         indep: ('ok', 5, 2)
  Z5     all             planar involutions  indep: ('ok', 5, 2)
  Z5     all             planar all          indep: ('ok', 10, 2)
  Z5     all             count  none         indep: ('ok', 625, 2)
  Z5     all             count  involutions  indep: ('ok', 625, 2)
  Z5     all             count  all          indep: ('ok', 1250, 8)
  Z6     all             perm   none         indep: ('ok', 6, 5)
  Z6     all             perm   involutions  indep: ('ok', 12, 5)
  Z6     all             perm   all          indep: ('ok', 12, 6)
  Z6     all             planar none         indep: ('ok', 6, 2)
  Z6     all             planar involutions  indep: inconsistent
  Z6     all             planar all          indep: inconsistent
  Z6     all             count  none         indep: ('ok', 648, 2)
  Z6     all             count  involutions  indep: ('ok', 648, 8)
  Z6     all             count  all          indep: ('ok', 1296, 9)
  Z6     gens            perm   none         indep: ('ok', 6, 5)
  Z6     gens            perm   involutions  indep: ('ok', 6, 5)
  Z6     gens            perm   all          indep: ('ok', 6, 5)
  Z6     gens            planar none         indep: ('ok', 6, 2)
  Z6     gens            planar involutions  indep: ('ok', 6, 2)
  Z6     gens            planar all          indep: inconsistent
  Z6     gens            count  none         indep: ('ok', 6, 2)
  Z6     gens            count  involutions  indep: ('ok', 6, 2)
  Z6     gens            count  all          indep: inconsistent
  Z8     gens            perm   none         indep: ('ok', 8, 7)
  Z8     gens            perm   involutions  indep: ('ok', 8, 7)
  Z8     gens            perm   all          indep: ('ok', 8, 7)
  Z8     gens            planar none         indep: ('ok', 8, 2)
  Z8     gens            planar involutions  indep: ('ok', 8, 2)
  Z8     gens            planar all          indep: ('ok', 8, 2)
  Z8     gens            count  none         indep: ('ok', 8, 2)
  Z8     gens            count  involutions  indep: ('ok', 8, 2)
  Z8     gens            count  all          indep: ('ok', 8, 2)
  Z12    gens            perm   none         indep: ('ok', 12, 11)
  Z12    gens            perm   involutions  indep: ('ok', 12, 11)
  Z12    gens            perm   all          indep: ('ok', 12, 11)
  Z12    gens            planar none         indep: ('ok', 12, 2)
  Z12    gens            planar involutions  indep: ('ok', 12, 2)
  Z12    gens            planar all          indep: ('ok', 12, 2)
  Z12    gens            count  none         indep: ('ok', 12, 2)
  Z12    gens            count  involutions  indep: ('ok', 12, 2)
  Z12    gens            count  all          indep: ('ok', 12, 2)
  Z2^2   all             perm   none         indep: ('ok', 4, 2)
  Z2^2   all             perm   involutions  indep: ('ok', 8, 3)
  Z2^2   all             perm   all          indep: ('ok', 8, 3)
  Z2^2   all             planar none         indep: ('ok', 4, 2)
  Z2^2   all             planar involutions  indep: inconsistent
  Z2^2   all             planar all          indep: inconsistent
  Z2^2   all             count  none         indep: ('ok', 8, 1)
  Z2^2   all             count  involutions  indep: ('ok', 4, 2)
  Z2^2   all             count  all          indep: ('ok', 4, 2)
  Z2^3   all             perm   none         indep: ('ok', 8, 3)
  Z2^3   all             perm   involutions  indep: ('ok', 16, 5)
  Z2^3   all             perm   all          indep: ('ok', 16, 5)
  Z2^3   all             count  none         indep: ('ok', 128, 1)
  Z2^3   all             count  involutions  indep: ('ok', 64, 6)
  Z2^3   all             count  all          indep: ('ok', 64, 6)
  Z2xZ4  gens            perm   none         indep: ('ok', 8, 3)
  Z2xZ4  gens            perm   involutions  indep: ('ok', 8, 5)
  Z2xZ4  gens            perm   all          indep: ('ok', 8, 5)
  Z2xZ4  gens            count  none         indep: ('ok', 8, 2)
  Z2xZ4  gens            count  involutions  indep: inconsistent
  Z2xZ4  gens            count  all          indep: inconsistent
  Z3xZ3  gens            perm   none         indep: ('ok', 9, 2)
  Z3xZ3  gens            perm   involutions  indep: ('ok', 9, 2)
  Z3xZ3  gens            perm   all          indep: ('ok', 18, 6)
  Z3xZ3  gens            count  none         indep: ('ok', 9, 2)
  Z3xZ3  gens            count  involutions  indep: ('ok', 9, 2)
  Z3xZ3  gens            count  all          indep: ('ok', 18, 4)
  S3     all             perm   none         indep: ('ok', 6, 2)
  S3     all             perm   involutions  indep: ('ok', 6, 2)
  S3     all             perm   all          indep: ('ok', 12, 3)
  S3     all             planar none         indep: ('ok', 6, 2)
  S3     all             planar involutions  indep: ('ok', 6, 2)
  S3     all             planar all          indep: ('ok', 12, 2)
  S3     transpositions  perm   none         indep: ('ok', 6, 1)
  S3     transpositions  perm   involutions  indep: ('ok', 6, 2)
  S3     transpositions  perm   all          indep: ('ok', 6, 2)
  S3     transpositions  planar none         indep: ('ok', 6, 1)
  S3     transpositions  planar involutions  indep: ('ok', 6, 1)
  S3     transpositions  planar all          indep: ('ok', 6, 1)
  S3     gens            perm   none         indep: ('ok', 6, 2)
  S3     gens            perm   involutions  indep: ('ok', 6, 2)
  S3     gens            perm   all          indep: ('ok', 12, 3)
  S3     gens            planar none         indep: ('ok', 6, 2)
  S3     gens            planar involutions  indep: ('ok', 6, 2)
  S3     gens            planar all          indep: ('ok', 12, 2)
  D4     all             perm   none         indep: ('ok', 8, 3)
  D4     all             perm   involutions  indep: ('ok', 16, 3)
  D4     all             perm   all          indep: ('ok', 16, 3)
  D4     all             planar none         indep: ('ok', 8, 2)
  D4     all             planar involutions  indep: inconsistent
  D4     all             planar all          indep: inconsistent
  D4     involutions     perm   none         indep: ('ok', 8, 2)
  D4     involutions     perm   involutions  indep: ('ok', 16, 3)
  D4     involutions     perm   all          indep: ('ok', 16, 3)
  D4     involutions     planar none         indep: ('ok', 8, 2)
  D4     involutions     planar involutions  indep: inconsistent
  D4     involutions     planar all          indep: inconsistent
  D5     all             perm   none         indep: ('ok', 10, 4)
  D5     all             perm   involutions  indep: ('ok', 10, 4)
  D5     all             perm   all          indep: ('ok', 20, 5)
  D5     all             planar none         indep: ('ok', 10, 2)
  D5     all             planar involutions  indep: ('ok', 10, 2)
  D5     all             planar all          indep: ('ok', 20, 2)
  D6     involutions     perm   none         indep: ('ok', 12, 3)
  D6     involutions     perm   involutions  indep: ('ok', 24, 4)
  D6     involutions     perm   all          indep: ('ok', 24, 4)
  D6     involutions     planar none         indep: ('ok', 12, 2)
  D6     involutions     planar involutions  indep: inconsistent
  D6     involutions     planar all          indep: inconsistent
  Q8     all             perm   none         indep: ('ok', 8, 6)
  Q8     all             perm   involutions  indep: ('ok', 16, 6)
  Q8     all             perm   all          indep: ('ok', 16, 6)
  Q8     gens            perm   none         indep: ('ok', 8, 6)
  Q8     gens            perm   involutions  indep: ('ok', 8, 6)
  Q8     gens            perm   all          indep: ('ok', 8, 6)
  A4     all             perm   none         indep: ('ok', 12, 2)
  A4     all             perm   involutions  indep: ('ok', 24, 2)
  A4     all             perm   all          indep: ('ok', 24, 4)
  A4     all             so3    none         indep: ('ok', 12, 2)
  A4     all             so3    involutions  indep: ('ok', 24, 2)
  A4     all             so3    all          indep: ('ok', 24, 3)
  A4     cycles3         perm   none         indep: ('ok', 12, 2)
  A4     cycles3         perm   involutions  indep: ('ok', 12, 2)
  A4     cycles3         perm   all          indep: ('ok', 24, 4)
  A4     cycles3         so3    none         indep: ('ok', 12, 2)
  A4     cycles3         so3    involutions  indep: ('ok', 12, 2)
  A4     cycles3         so3    all          indep: ('ok', 24, 3)
  S4     transpositions  perm   none         indep: ('ok', 24, 1)
  S4     transpositions  perm   involutions  indep: ('ok', 24, 3)
  S4     transpositions  perm   all          indep: ('ok', 24, 3)
  S4     transpositions  so3    none         indep: ('ok', 24, 2)
  S4     transpositions  so3    involutions  indep: ('ok', 24, 1)
  S4     transpositions  so3    all          indep: ('ok', 24, 1)
  S4     gens            perm   none         indep: ('ok', 24, 3)
  S4     gens            perm   involutions  indep: ('ok', 48, 3)
  S4     gens            perm   all          indep: ('ok', 24, 3)
  S4     gens            so3    none         indep: ('ok', 24, 2)
  S4     gens            so3    involutions  indep: ('ok', 48, 2)
  S4     gens            so3    all          indep: ('ok', 24, 3)
  A5     involutions     perm   none         indep: ('ok', 60, 2)
  A5     involutions     perm   involutions  indep: ('ok', 120, 3)
  A5     involutions     perm   all          indep: ('ok', 120, 3)
  A5     involutions     so3    none         indep: ('ok', 60, 2)
  A5     involutions     so3    involutions  indep: ('ok', 120, 1)
  A5     involutions     so3    all          indep: ('ok', 120, 1)
  A5     cycles3         perm   none         indep: ('ok', 60, 2)
  A5     cycles3         perm   involutions  indep: ('ok', 60, 2)
  A5     cycles3         perm   all          indep: ('ok', 120, 5)
  A5     cycles3         so3    none         indep: ('ok', 60, 2)
  A5     cycles3         so3    involutions  indep: ('ok', 60, 2)
  A5     cycles3         so3    all          indep: ('ok', 120, 3)
  A5     cycles5         perm   none         indep: ('ok', 60, 4)
  A5     cycles5         perm   involutions  indep: ('ok', 60, 4)
  A5     cycles5         perm   all          indep: ('ok', 120, 5)
  A5     cycles5         so3    none         indep: ('ok', 60, 2)
  A5     cycles5         so3    involutions  indep: ('ok', 60, 2)
  A5     cycles5         so3    all          indep: ('ok', 120, 3)
  189 constructions, disagreements: 0  (357s)
(b) exhaustive signed-permutation matrices via realisation_matrices
  15556 claims, accepted 731, disagreements with independent check: 0  (49s)
(c) hand-crafted adversarial matrices
  singular idempotent for Z2                              -> False inconsistent: one state matrix carries two different group elements (no readout exists) (0.0s)
  projection for Z2                                       -> False inconsistent: one state matrix carries two different group elements (no readout exists) (0.0s)
  unipotent (infinite order) for Z2                       -> False matrix group larger than the verifier cap 60000 (finiteness not certified) (3.3s)
  order-2 matrix for Z4 generator                         -> False inconsistent: one state matrix carries two different group elements (no readout exists) (0.0s)
  non-orthogonal finite: oblique reflection for Z2        -> True  certified: |H| = 2, pi: H -> G onto (2 elements), consistent readout, dimension 2, field K_1, max rank(R[s] -  (0.0s)
  oblique order-3 (similar to rotation) for Z3 gens, k=2  -> True  certified: |H| = 3, pi: H -> G onto (3 elements), consistent readout, dimension 2, field K_1, max rank(R[s] -  (0.0s)
  same, k=1 (must fail)                                   -> False rank(R[s] - I) = 2 > k = 1 for a letter of order 3 (0.0s)
  scaling 1/2 for Z2 (infinite)                           -> False matrix group larger than the verifier cap 60000 (finiteness not certified) (125.3s)
  decimal strings                                         -> True  certified: |H| = 2, pi: H -> G onto (2 elements), consistent readout, dimension 1, field K_1, max rank(R[s] -  (0.0s)
  nan                                                     -> False check not executable: ValueError: Invalid literal for Fraction: 'nan' (0.0s)
  empty matrix                                            -> False verification not executable: IndexError: tuple index out of range (0.0s)
  note: 'realisation_matrices' is accepted by check() but is NOT documented in claim_doc.
