Z2     |G|=  2 real irreps= 2  h(own,gap,brute,brute_own)={'all': (1, 1, 1, 1), 'involutions': (1, 1, 1, 1), 'transpositions': (1, 1, 1, 1), 'gens': (1, 1, 1, 1)}  OK  (1.6s)
Z3     |G|=  3 real irreps= 2  h(own,gap,brute,brute_own)={'all': (2, 2, 2, 2), 'gens': (2, 2, 2, 2), 'cycles3': (2, 2, 2, 2)}  OK  (1.7s)
Z4     |G|=  4 real irreps= 3  h(own,gap,brute,brute_own)={'all': (2, 2, 2, 2), 'gens': (2, 2, 2, 2)}  OK  (1.2s)
Z5     |G|=  5 real irreps= 3  h(own,gap,brute,brute_own)={'all': (2, 2, 2, 2), 'gens': (2, 2, 2, 2), 'cycles5': (2, 2, 2, 2)}  OK  (1.3s)
Z6     |G|=  6 real irreps= 4  h(own,gap,brute,brute_own)={'all': (2, 2, 2, 2), 'gens': (2, 2, 2, 2)}  OK  (1.2s)
Z7     |G|=  7 real irreps= 4  h(own,gap,brute,brute_own)={'all': (2, 2, 2, 2), 'gens': (2, 2, 2, 2)}  OK  (1.2s)
Z8     |G|=  8 real irreps= 5  h(own,gap,brute,brute_own)={'all': (2, 2, 2, 2), 'gens': (2, 2, 2, 2)}  OK  (1.1s)
Z9     |G|=  9 real irreps= 5  h(own,gap,brute,brute_own)={'all': (2, 2, 2, 2), 'gens': (2, 2, 2, 2)}  OK  (1.2s)
Z10    |G|= 10 real irreps= 6  h(own,gap,brute,brute_own)={'all': (2, 2, 2, 2), 'gens': (2, 2, 2, 2)}  OK  (1.2s)
Z11    |G|= 11 real irreps= 6  h(own,gap,brute,brute_own)={'all': (2, 2, 2, 2), 'gens': (2, 2, 2, 2)}  OK  (1.3s)
Z12    |G|= 12 real irreps= 7  h(own,gap,brute,brute_own)={'all': (2, 2, 2, 2), 'gens': (2, 2, 2, 2)}  OK  (1.3s)
D3     |G|=  6 real irreps= 3  h(own,gap,brute,brute_own)={'all': (2, 2, 2, 2), 'involutions': (1, 1, 1, 1), 'transpositions': (1, 1, 1, 1), 'gens': (2, 2, 2, 2)}  OK  (1.1s)
D4     |G|=  8 real irreps= 5  h(own,gap,brute,brute_own)={'all': (2, 2, 2, 2), 'involutions': (2, 2, 2, 2), 'gens': (2, 2, 2, 2)}  OK  (1.3s)
D5     |G|= 10 real irreps= 4  h(own,gap,brute,brute_own)={'all': (2, 2, 2, 2), 'involutions': (1, 1, 1, 1), 'gens': (2, 2, 2, 2)}  OK  (1.1s)
D6     |G|= 12 real irreps= 6  h(own,gap,brute,brute_own)={'all': (2, 2, 2, 2), 'involutions': (2, 2, 2, 2), 'gens': (2, 2, 2, 2)}  OK  (1.3s)
D7     |G|= 14 real irreps= 5  h(own,gap,brute,brute_own)={'all': (2, 2, 2, 2), 'involutions': (1, 1, 1, 1), 'gens': (2, 2, 2, 2)}  OK  (1.4s)
D8     |G|= 16 real irreps= 7  h(own,gap,brute,brute_own)={'all': (2, 2, 2, 2), 'involutions': (2, 2, 2, 2), 'gens': (2, 2, 2, 2)}  OK  (1.1s)
S3     |G|=  6 real irreps= 3  h(own,gap,brute,brute_own)={'all': (2, 2, 2, 2), 'involutions': (1, 1, 1, 1), 'transpositions': (1, 1, 1, 1), 'gens': (2, 2, 2, 2)}  OK  (1.2s)
S4     |G|= 24 real irreps= 5  h(own,gap,brute,brute_own)={'all': (2, 2, 2, 2), 'involutions': (2, 2, 2, 2), 'transpositions': (1, 1, 1, 1), 'gens': (2, 2, 2, 2)}  OK  (1.1s)
S5     |G|=120 real irreps= 7  h(own,gap,brute,brute_own)={'all': (4, 4, 4, 4), 'involutions': (2, 2, 2, 2), 'transpositions': (1, 1, 1, 1), 'gens': (4, 4, 4, 4)}  OK  (1.2s)
A4     |G|= 12 real irreps= 3  h(own,gap,brute,brute_own)={'all': (2, 2, 2, 2), 'gens': (2, 2, 2, 2), 'cycles3': (2, 2, 2, 2)}  OK  (1.0s)
A5     |G|= 60 real irreps= 5  h(own,gap,brute,brute_own)={'all': (2, 2, 2, 2), 'involutions': (2, 2, 2, 2), 'gens': (2, 2, 2, 2), 'cycles3': (2, 2, 2, 2), 'cycles5': (2, 2, 2, 2)}  OK  (1.2s)
Q8     |G|=  8 real irreps= 5  h(own,gap,brute,brute_own)={'all': (4, 4, 4, 4), 'gens': (4, 4, 4, 4)}  OK  (1.2s)
Z2^2   |G|=  4 real irreps= 4  h(own,gap,brute,brute_own)={'all': (2, 2, 2, 2), 'involutions': (2, 2, 2, 2), 'transpositions': (1, 1, 1, 1), 'gens': (1, 1, 1, 1)}  OK  (1.1s)
Z2^3   |G|=  8 real irreps= 8  h(own,gap,brute,brute_own)={'all': (3, 3, 3, 3), 'involutions': (3, 3, 3, 3), 'transpositions': (1, 1, 1, 1), 'gens': (1, 1, 1, 1)}  OK  (1.1s)
Z2^4   |G|= 16 real irreps=16  h(own,gap,brute,brute_own)={'all': (4, 4, 4, 4), 'involutions': (4, 4, 4, 4), 'transpositions': (1, 1, 1, 1), 'gens': (1, 1, 1, 1)}  OK  (3.7s)
Z2xZ4  |G|=  8 real irreps= 6  h(own,gap,brute,brute_own)={'all': (3, 3, 3, 3), 'gens': (2, 2, 2, 2)}  OK  (1.3s)
Z2xZ6  |G|= 12 real irreps= 8  h(own,gap,brute,brute_own)={'all': (3, 3, 3, 3), 'gens': (2, 2, 2, 2)}  OK  (1.1s)
Z3xZ3  |G|=  9 real irreps= 5  h(own,gap,brute,brute_own)={'all': (4, 4, 4, 4), 'gens': (2, 2, 2, 2), 'cycles3': (2, 2, 2, 2)}  OK  (1.2s)
Z4xZ4  |G|= 16 real irreps=10  h(own,gap,brute,brute_own)={'all': (4, 4, 4, 4), 'gens': (2, 2, 2, 2)}  OK  (1.3s)
Z3xZ6  |G|= 18 real irreps=10  h(own,gap,brute,brute_own)={'all': (4, 4, 4, 4), 'gens': (2, 2, 2, 2)}  OK  (1.2s)

31 groups, mismatches: 0 (40s)
