#I  packagemanager package is not available. Check that the name is correct
#I  and it is present in one of the GAP root directories (see '??RootPaths')
Syntax warning: Unbound global variable in atlas_search_m2.g:8
  letters := List(Filtered(ConjugacyClasses(G), c -> Representative(c) <> One(\
G)), Representative);
                                                                              \
^
ROW 16_13 (C4 x C2) : C2 old_upper 4 new_upper 3 witness 
[ [ 32, 28 ], [ 2, 2 ] ]
ROW 18_3 C3 x S3 old_upper 4 new_upper 4 witness none
ROW 18_4 (C3 x C3) : C2 old_upper 4 new_upper 4 witness none
ROW 20_1 C5 : C4 old_upper 3 new_upper 3 witness none
ROW 20_3 C5 : C4 old_upper 4 new_upper 4 witness none
ROW 21_1 C7 : C3 old_upper 6 new_upper 6 witness none
ROW 24_1 C3 : C8 old_upper 4 new_upper 4 witness none
ROW 24_3 SL(2,3) old_upper 4 new_upper 4 witness none
ROW 24_4 C3 : Q8 old_upper 4 new_upper 3 witness [ [ 48, 13 ], [ 2, 2 ] ]
ROW 24_5 C4 x S3 old_upper 4 new_upper 3 witness [ [ 48, 14 ], [ 2, 2 ] ]
ROW 24_7 C2 x (C3 : C4) old_upper 3 new_upper 3 witness none
ROW 24_8 (C6 x C2) : C2 old_upper 3 new_upper 3 witness none
ROW 24_10 C3 x D8 old_upper 4 new_upper 4 witness none
ROW 24_11 C3 x Q8 old_upper 4 new_upper 4 witness none
ROW 24_13 C2 x A4 old_upper 3 new_upper 3 witness none
ROW 24_14 C2 x C2 x S3 old_upper 3 new_upper 3 witness none
ROW 27_3 (C3 x C3) : C3 old_upper 6 new_upper 6 witness none
ROW 27_4 C9 : C3 old_upper 6 new_upper 6 witness none
ROW 28_1 C7 : C4 old_upper 3 new_upper 3 witness none
ROW 30_1 C5 x S3 old_upper 4 new_upper 4 witness none
ROW 30_2 C3 x D10 old_upper 4 new_upper 4 witness none
ROW 32_2 (C4 x C2) : C4 old_upper 4 new_upper 4 witness none
ROW 32_4 C8 : C4 old_upper 6 new_upper 5 witness [ [ 64, 17 ], [ 2, 2, 2 ] ]
ROW 32_5 (C8 x C2) : C2 old_upper 4 new_upper 4 witness none
ROW 32_6 (C2 x C2 x C2) : C4 old_upper 4 new_upper 4 witness none
ROW 32_7 (C8 : C2) : C2 old_upper 4 new_upper 4 witness none
ROW 32_8 C2 . ((C4 x C2) : C2) = (C2 x C2) . (C4 x C2) old_upper 8 new_upper 
5 witness [ [ 64, 5 ], [ 2, 4 ] ]
ROW 32_9 (C8 x C2) : C2 old_upper 3 new_upper 3 witness none
ROW 32_10 Q8 : C4 old_upper 5 new_upper 4 witness [ [ 64, 21 ], [ 2, 2, 2 ] ]
ROW 32_11 (C4 x C4) : C2 old_upper 4 new_upper 4 witness none
ROW 32_12 C4 : C8 old_upper 4 new_upper 4 witness none
ROW 32_13 C8 : C4 old_upper 6 new_upper 4 witness [ [ 64, 21 ], [ 2, 2, 2 ] ]
ROW 32_14 C8 : C4 old_upper 3 new_upper 3 witness none
ROW 32_15 C4 . D8 = C4 . (C4 x C2) old_upper 4 new_upper 4 witness none
ROW 32_17 C16 : C2 old_upper 4 new_upper 4 witness none
ROW 32_19 QD32 old_upper 4 new_upper 3 witness [ [ 64, 38 ], [ 2, 2 ] ]
ROW 32_20 Q32 old_upper 4 new_upper 3 witness [ [ 64, 47 ], [ 2, 2 ] ]
ROW 32_22 C2 x ((C4 x C2) : C2) old_upper 4 new_upper 4 witness none
ROW 32_23 C2 x (C4 : C4) old_upper 4 new_upper 4 witness none
ROW 32_24 (C4 x C4) : C2 old_upper 6 new_upper 4 witness 
[ [ 64, 61 ], [ 2, 2, 2 ] ]
ROW 32_25 C4 x D8 old_upper 4 new_upper 4 witness none
ROW 32_26 C4 x Q8 old_upper 6 new_upper 5 witness [ [ 64, 59 ], [ 2, 2, 2 ] ]
ROW 32_27 (C2 x C2 x C2 x C2) : C2 old_upper 4 new_upper 4 witness none
