#I  packagemanager package is not available. Check that the name is correct
#I  and it is present in one of the GAP root directories (see '??RootPaths')
done order 64
done order 72
done order 78
done order 80
done order 84
done order 88
done order 96
done order 100
done order 104
done order 108
done order 110
done order 112
done order 114
done order 120
done order 126
ROW 32_28 old_upper 3 new_upper 3 witness none
ROW 32_29 old_upper 5 new_upper 4 witness [ 64, 61 ]
ROW 32_30 old_upper 6 new_upper 4 witness [ 64, 75 ]
ROW 32_31 old_upper 6 new_upper 4 witness [ 64, 71 ]
ROW 32_32 old_upper 8 new_upper 5 witness [ 64, 70 ]
ROW 32_33 old_upper 8 new_upper 4 witness [ 64, 77 ]
ROW 32_34 old_upper 4 new_upper 4 witness none
ROW 32_35 old_upper 6 new_upper 4 witness [ 64, 65 ]
ROW 32_37 old_upper 5 new_upper 5 witness none
ROW 32_38 old_upper 4 new_upper 4 witness none
ROW 32_39 old_upper 3 new_upper 3 witness none
ROW 32_40 old_upper 5 new_upper 4 witness [ 64, 95 ]
ROW 32_41 old_upper 5 new_upper 4 witness [ 64, 107 ]
ROW 32_42 old_upper 4 new_upper 3 witness [ 64, 147 ]
ROW 32_43 old_upper 4 new_upper 4 witness none
ROW 32_44 old_upper 8 new_upper 5 witness [ 64, 98 ]
ROW 32_46 old_upper 3 new_upper 3 witness none
ROW 32_47 old_upper 5 new_upper 5 witness none
ROW 32_48 old_upper 5 new_upper 4 witness [ 64, 203 ]
ROW 32_49 old_upper 4 new_upper 4 witness none
ROW 32_50 old_upper 8 new_upper 5 witness [ 64, 218 ]
ROW 36_1 old_upper 3 new_upper 3 witness none
ROW 36_3 old_upper 4 new_upper 4 witness none
ROW 36_6 old_upper 4 new_upper 4 witness none
ROW 36_7 old_upper 4 new_upper 4 witness none
ROW 36_9 old_upper 4 new_upper 4 witness none
ROW 36_10 old_upper 4 new_upper 4 witness none
ROW 36_11 old_upper 4 new_upper 4 witness none
ROW 36_12 old_upper 4 new_upper 4 witness none
ROW 36_13 old_upper 4 new_upper 4 witness none
ROW 39_1 old_upper 6 new_upper 6 witness none
ROW 40_1 old_upper 4 new_upper 4 witness none
ROW 40_3 old_upper 5 new_upper 5 witness none
ROW 40_4 old_upper 4 new_upper 3 witness [ 80, 13 ]
ROW 40_5 old_upper 4 new_upper 3 witness [ 80, 14 ]
ROW 40_7 old_upper 3 new_upper 3 witness none
ROW 40_8 old_upper 3 new_upper 3 witness none
ROW 40_10 old_upper 4 new_upper 4 witness none
ROW 40_11 old_upper 4 new_upper 4 witness none
ROW 40_12 old_upper 4 new_upper 4 witness none
ROW 40_13 old_upper 3 new_upper 3 witness none
ROW 42_1 old_upper 6 new_upper 6 witness none
ROW 42_2 old_upper 6 new_upper 6 witness none
ROW 42_3 old_upper 4 new_upper 4 witness none
ROW 42_4 old_upper 4 new_upper 4 witness none
ROW 44_1 old_upper 3 new_upper 3 witness none
ROW 48_1 old_upper 4 new_upper 4 witness none
ROW 48_3 old_upper 4 new_upper 4 witness none
ROW 48_4 old_upper 4 new_upper 4 witness none
ROW 48_5 old_upper 4 new_upper 4 witness none
ROW 48_6 old_upper 4 new_upper 3 witness [ 96, 28 ]
ROW 48_8 old_upper 4 new_upper 3 witness [ 96, 25 ]
ROW 48_9 old_upper 4 new_upper 4 witness none
ROW 48_10 old_upper 4 new_upper 4 witness none
ROW 48_11 old_upper 5 new_upper 4 witness [ 96, 38 ]
ROW 48_12 old_upper 5 new_upper 4 witness [ 96, 38 ]
ROW 48_13 old_upper 3 new_upper 3 witness none
ROW 48_14 old_upper 3 new_upper 3 witness none
ROW 48_15 old_upper 4 new_upper 4 witness none
ROW 48_16 old_upper 6 new_upper 4 witness [ 96, 39 ]
ROW 48_17 old_upper 4 new_upper 4 witness none
ROW 48_18 old_upper 6 new_upper 5 witness [ 96, 14 ]
ROW 48_19 old_upper 4 new_upper 4 witness none
ROW 48_21 old_upper 4 new_upper 4 witness none
ROW 48_22 old_upper 4 new_upper 4 witness none
ROW 48_24 old_upper 4 new_upper 4 witness none
ROW 48_25 old_upper 4 new_upper 4 witness none
ROW 48_26 old_upper 4 new_upper 4 witness none
ROW 48_27 old_upper 4 new_upper 4 witness none
ROW 48_28 old_upper 4 new_upper 4 witness none
ROW 48_29 old_upper 4 new_upper 4 witness none
ROW 48_30 old_upper 4 new_upper 4 witness none
ROW 48_31 old_upper 4 new_upper 4 witness none
ROW 48_32 old_upper 5 new_upper 5 witness none
ROW 48_33 old_upper 4 new_upper 4 witness none
ROW 48_34 old_upper 5 new_upper 4 witness [ 96, 132 ]
ROW 48_35 old_upper 4 new_upper 4 witness none
ROW 48_36 old_upper 3 new_upper 3 witness none
ROW 48_37 old_upper 4 new_upper 3 witness [ 96, 137 ]
ROW 48_38 old_upper 4 new_upper 4 witness none
ROW 48_39 old_upper 6 new_upper 4 witness [ 96, 145 ]
ROW 48_40 old_upper 6 new_upper 5 witness [ 96, 98 ]
ROW 48_41 old_upper 4 new_upper 4 witness none
ROW 48_42 old_upper 4 new_upper 4 witness none
ROW 48_43 old_upper 3 new_upper 3 witness none
ROW 48_45 old_upper 4 new_upper 4 witness none
ROW 48_46 old_upper 5 new_upper 5 witness none
ROW 48_47 old_upper 4 new_upper 4 witness none
ROW 48_48 old_upper 3 new_upper 3 witness none
ROW 48_49 old_upper 3 new_upper 3 witness none
ROW 48_50 old_upper 4 new_upper 4 witness none
ROW 48_51 old_upper 3 new_upper 3 witness none
ROW 50_3 old_upper 4 new_upper 4 witness none
ROW 50_4 old_upper 4 new_upper 4 witness none
ROW 52_1 old_upper 3 new_upper 3 witness none
ROW 52_3 old_upper 4 new_upper 4 witness none
ROW 54_3 old_upper 4 new_upper 4 witness none
ROW 54_4 old_upper 4 new_upper 4 witness none
ROW 54_5 old_upper 6 new_upper 6 witness none
ROW 54_6 old_upper 6 new_upper 6 witness none
ROW 54_7 old_upper 4 new_upper 4 witness none
ROW 54_8 old_upper 6 new_upper 6 witness none
ROW 54_10 old_upper 6 new_upper 6 witness none
ROW 54_11 old_upper 6 new_upper 6 witness none
ROW 54_12 old_upper 6 new_upper 6 witness none
ROW 54_13 old_upper 6 new_upper 6 witness none
ROW 54_14 old_upper 6 new_upper 6 witness none
ROW 55_1 old_upper 10 new_upper 10 witness none
ROW 56_1 old_upper 4 new_upper 4 witness none
ROW 56_3 old_upper 4 new_upper 3 witness [ 112, 12 ]
ROW 56_4 old_upper 4 new_upper 3 witness [ 112, 13 ]
ROW 56_6 old_upper 3 new_upper 3 witness none
ROW 56_7 old_upper 3 new_upper 3 witness none
ROW 56_9 old_upper 4 new_upper 4 witness none
ROW 56_10 old_upper 4 new_upper 4 witness none
ROW 56_11 old_upper 6 new_upper 6 witness none
ROW 56_12 old_upper 3 new_upper 3 witness none
ROW 57_1 old_upper 6 new_upper 6 witness none
ROW 60_1 old_upper 4 new_upper 4 witness none
ROW 60_2 old_upper 4 new_upper 4 witness none
ROW 60_3 old_upper 3 new_upper 3 witness none
ROW 60_6 old_upper 6 new_upper 6 witness none
ROW 60_7 old_upper 6 new_upper 6 witness none
ROW 60_8 old_upper 4 new_upper 4 witness none
ROW 60_9 old_upper 4 new_upper 4 witness none
ROW 60_10 old_upper 4 new_upper 4 witness none
ROW 60_11 old_upper 4 new_upper 4 witness none
ROW 63_1 old_upper 6 new_upper 6 witness none
ROW 63_3 old_upper 6 new_upper 6 witness none
ALLDONE
