{"seed": 3420, "kind": "triangle", "n": 14, "ratio_to_baseline": 0.7550660074633223, "runtime_seconds": 0.03481795900006546, "error": null}
{"seed": 3420, "kind": "convex", "n": 15, "ratio_to_baseline": 0.8223023229738675, "runtime_seconds": 0.07568287500180304, "error": null}
{"seed": 3420, "kind": "square", "n": 20, "ratio_to_baseline": 0.620463713013476, "runtime_seconds": 0.3179011660031392, "error": null}
{"seed": 3421, "kind": "triangle", "n": 14, "ratio_to_baseline": 0.517884624935721, "runtime_seconds": 0.05423429199436214, "error": null}
{"seed": 3421, "kind": "convex", "n": 15, "ratio_to_baseline": 0.6545924546122899, "runtime_seconds": 0.13575295799819287, "error": null}
{"seed": 3421, "kind": "square", "n": 20, "ratio_to_baseline": 0.3347368606472206, "runtime_seconds": 0.11416820799786365, "error": null}
{"seed": 3422, "kind": "triangle", "n": 14, "ratio_to_baseline": 0.84717567946563, "runtime_seconds": 0.11933137500454905, "error": null}
{"seed": 3422, "kind": "convex", "n": 15, "ratio_to_baseline": 0.188943017435057, "runtime_seconds": 0.465108832999249, "error": null}
{"seed": 3422, "kind": "square", "n": 20, "ratio_to_baseline": 0.5163036193272678, "runtime_seconds": 0.13392204100091476, "error": null}
{"seed": 3423, "kind": "triangle", "n": 14, "ratio_to_baseline": 0.5853902956639415, "runtime_seconds": 0.039422333997208625, "error": null}
{"seed": 3423, "kind": "convex", "n": 15, "ratio_to_baseline": 0.8383332218667466, "runtime_seconds": 0.042694417003076524, "error": null}
{"seed": 3423, "kind": "square", "n": 20, "ratio_to_baseline": 0.5921661254395566, "runtime_seconds": 0.10805900000559632, "error": null}
{"seed": 3424, "kind": "triangle", "n": 14, "ratio_to_baseline": 0.224364592240563, "runtime_seconds": 0.06450541599770077, "error": null}
{"seed": 3424, "kind": "convex", "n": 15, "ratio_to_baseline": 0.4813268326267687, "runtime_seconds": 0.043720583998947404, "error": null}
{"seed": 3424, "kind": "square", "n": 20, "ratio_to_baseline": 0.1468709754805491, "runtime_seconds": 0.24760000000242144, "error": null}
{"seed": 3425, "kind": "triangle", "n": 14, "ratio_to_baseline": 0.09126873311653941, "runtime_seconds": 0.14431733299716143, "error": null}
{"seed": 3425, "kind": "convex", "n": 15, "ratio_to_baseline": 0.881877599378948, "runtime_seconds": 0.07518683400121517, "error": null}
{"seed": 3425, "kind": "square", "n": 20, "ratio_to_baseline": 0.5170726383165191, "runtime_seconds": 0.12528262499836273, "error": null}
{"seed": 3426, "kind": "triangle", "n": 14, "ratio_to_baseline": 0.11560009151466558, "runtime_seconds": 0.054249875000095926, "error": null}
{"seed": 3426, "kind": "convex", "n": 15, "ratio_to_baseline": 0.7904255635801525, "runtime_seconds": 0.08989858299901243, "error": null}
{"seed": 3426, "kind": "square", "n": 20, "ratio_to_baseline": 0.4582126162775394, "runtime_seconds": 0.03372883300471585, "error": null}
{"seed": 3427, "kind": "triangle", "n": 14, "ratio_to_baseline": 0.5178848487712074, "runtime_seconds": 0.037758250000479165, "error": null}
{"seed": 3427, "kind": "convex", "n": 15, "ratio_to_baseline": 0.784164867259233, "runtime_seconds": 0.0686503340039053, "error": null}
{"seed": 3427, "kind": "square", "n": 20, "ratio_to_baseline": 0.4877861423434635, "runtime_seconds": 0.16228754199983086, "error": null}
{"seed": 3428, "kind": "triangle", "n": 14, "ratio_to_baseline": 0.173115759267814, "runtime_seconds": 0.06583112500084098, "error": null}
{"seed": 3428, "kind": "convex", "n": 15, "ratio_to_baseline": 0.7392928986683477, "runtime_seconds": 0.20477850000315811, "error": null}
{"seed": 3428, "kind": "square", "n": 20, "ratio_to_baseline": 0.5769696449021642, "runtime_seconds": 0.20027125000342494, "error": null}
{"seed": 3429, "kind": "triangle", "n": 14, "ratio_to_baseline": 0.1831925041973541, "runtime_seconds": 0.06401645799633116, "error": null}
{"seed": 3429, "kind": "convex", "n": 15, "ratio_to_baseline": 0.21058462744206988, "runtime_seconds": 0.07112624999717809, "error": null}
{"seed": 3429, "kind": "square", "n": 20, "ratio_to_baseline": 0.2745099123383935, "runtime_seconds": 0.2931442079934641, "error": null}
{"seed": 3430, "kind": "triangle", "n": 14, "ratio_to_baseline": 0.18418628442833423, "runtime_seconds": 0.10069620800641133, "error": null}
{"seed": 3430, "kind": "convex", "n": 15, "ratio_to_baseline": 0.5937952765881594, "runtime_seconds": 0.1281176670017885, "error": null}
{"seed": 3430, "kind": "square", "n": 20, "ratio_to_baseline": 0.45717848854227777, "runtime_seconds": 0.1875598339975113, "error": null}
{"seed": 3431, "kind": "triangle", "n": 14, "ratio_to_baseline": 0.396563551346493, "runtime_seconds": 0.023539166002592538, "error": null}
{"seed": 3431, "kind": "convex", "n": 15, "ratio_to_baseline": 0.7250385047366432, "runtime_seconds": 0.1353971670032479, "error": null}
{"seed": 3431, "kind": "square", "n": 20, "ratio_to_baseline": 0.6266683836705683, "runtime_seconds": 0.08638333400449483, "error": null}
{"seed": 3432, "kind": "triangle", "n": 14, "ratio_to_baseline": 0.0911132786152515, "runtime_seconds": 0.1448701249973965, "error": null}
{"seed": 3432, "kind": "convex", "n": 15, "ratio_to_baseline": 0.6623211805240067, "runtime_seconds": 0.13646954200521577, "error": null}
{"seed": 3432, "kind": "square", "n": 20, "ratio_to_baseline": 0.5332999358486082, "runtime_seconds": 0.16681858299853047, "error": null}
{"seed": 3433, "kind": "triangle", "n": 14, "ratio_to_baseline": 0.6772201643003726, "runtime_seconds": 0.03134870799840428, "error": null}
{"seed": 3433, "kind": "convex", "n": 15, "ratio_to_baseline": 0.7392941783721849, "runtime_seconds": 0.23808500000450294, "error": null}
{"seed": 3433, "kind": "square", "n": 20, "ratio_to_baseline": 0.5392812005324576, "runtime_seconds": 0.2338603329990292, "error": null}
{"seed": 3434, "kind": "triangle", "n": 14, "ratio_to_baseline": 0.6077241042798075, "runtime_seconds": 0.0308126669988269, "error": null}
{"seed": 3434, "kind": "convex", "n": 15, "ratio_to_baseline": 0.5997995698559829, "runtime_seconds": 0.07887504199607065, "error": null}
{"seed": 3434, "kind": "square", "n": 20, "ratio_to_baseline": 0.5809890238692065, "runtime_seconds": 0.07236854199436493, "error": null}
{"seed": 3435, "kind": "triangle", "n": 14, "ratio_to_baseline": 0.7361141148293425, "runtime_seconds": 0.03507454200007487, "error": null}
{"seed": 3435, "kind": "convex", "n": 15, "ratio_to_baseline": 0.9999999999998884, "runtime_seconds": 0.021953499999654014, "error": null}
{"seed": 3435, "kind": "square", "n": 20, "ratio_to_baseline": 0.533076148392369, "runtime_seconds": 0.14326799999980722, "error": null}
{"seed": 3436, "kind": "triangle", "n": 14, "ratio_to_baseline": 0.6841369576581589, "runtime_seconds": 0.03050812499714084, "error": null}
{"seed": 3436, "kind": "convex", "n": 15, "ratio_to_baseline": 0.16494208865963234, "runtime_seconds": 0.04687249999551568, "error": null}
{"seed": 3436, "kind": "square", "n": 20, "ratio_to_baseline": 0.03361434454263854, "runtime_seconds": 0.03345729099964956, "error": null}
{"seed": 3437, "kind": "triangle", "n": 14, "ratio_to_baseline": 0.683126947310895, "runtime_seconds": 0.041895292000845075, "error": null}
{"seed": 3437, "kind": "convex", "n": 15, "ratio_to_baseline": 0.8223012033725215, "runtime_seconds": 0.05636308300017845, "error": null}
{"seed": 3437, "kind": "square", "n": 20, "ratio_to_baseline": 0.5336044849774991, "runtime_seconds": 0.051900584003305994, "error": null}
{"seed": 3438, "kind": "triangle", "n": 14, "ratio_to_baseline": 0.8119895117987802, "runtime_seconds": 0.0707217090021004, "error": null}
{"seed": 3438, "kind": "convex", "n": 15, "ratio_to_baseline": 0.6119705059276708, "runtime_seconds": 0.14267575000121724, "error": null}
{"seed": 3438, "kind": "square", "n": 20, "ratio_to_baseline": 0.04436266344970826, "runtime_seconds": 0.33686662500258535, "error": null}
{"seed": 3439, "kind": "triangle", "n": 14, "ratio_to_baseline": null, "runtime_seconds": 0.0050502919984865, "error": null}
{"seed": 3439, "kind": "convex", "n": 15, "ratio_to_baseline": 0.59542657980156, "runtime_seconds": 0.07174124999437481, "error": null}
{"seed": 3439, "kind": "square", "n": 20, "ratio_to_baseline": 0.32352499029472087, "runtime_seconds": 0.12095933300588513, "error": null}
{"seed": 3440, "kind": "triangle", "n": 14, "ratio_to_baseline": 0.6841370451423757, "runtime_seconds": 0.04523495899775298, "error": null}
{"seed": 3440, "kind": "convex", "n": 15, "ratio_to_baseline": 0.7147408002383324, "runtime_seconds": 0.028324708000582177, "error": null}
{"seed": 3440, "kind": "square", "n": 20, "ratio_to_baseline": 0.20127670743198703, "runtime_seconds": 0.17711120800231583, "error": null}
{"seed": 3441, "kind": "triangle", "n": 14, "ratio_to_baseline": 0.6772196180794484, "runtime_seconds": 0.030581209000956733, "error": null}
{"seed": 3441, "kind": "convex", "n": 15, "ratio_to_baseline": 0.7692911221054806, "runtime_seconds": 0.7666515419987263, "error": null}
{"seed": 3441, "kind": "square", "n": 20, "ratio_to_baseline": 0.401473563326589, "runtime_seconds": 0.18054554199625272, "error": null}
{"seed": 3442, "kind": "triangle", "n": 14, "ratio_to_baseline": 0.7245773244628493, "runtime_seconds": 0.021290666998538654, "error": null}
{"seed": 3442, "kind": "convex", "n": 15, "ratio_to_baseline": 0.7055377160175635, "runtime_seconds": 0.05742024999926798, "error": null}
{"seed": 3442, "kind": "square", "n": 20, "ratio_to_baseline": 0.2878370789551218, "runtime_seconds": 0.04765600000246195, "error": null}
{"seed": 3443, "kind": "triangle", "n": 14, "ratio_to_baseline": 0.8947166821638957, "runtime_seconds": 0.06820704099663999, "error": null}
{"seed": 3443, "kind": "convex", "n": 15, "ratio_to_baseline": 0.5320825155300443, "runtime_seconds": 0.07355200000165496, "error": null}
{"seed": 3443, "kind": "square", "n": 20, "ratio_to_baseline": 0.5927852187019813, "runtime_seconds": 0.0921376250043977, "error": null}
{"seed": 3444, "kind": "triangle", "n": 14, "ratio_to_baseline": 0.1978224372150081, "runtime_seconds": 0.1978007500001695, "error": null}
{"seed": 3444, "kind": "convex", "n": 15, "ratio_to_baseline": 0.417414564125714, "runtime_seconds": 0.1283049579942599, "error": null}
{"seed": 3444, "kind": "square", "n": 20, "ratio_to_baseline": 0.3071917856482487, "runtime_seconds": 0.073112250000122, "error": null}
{"seed": 3445, "kind": "triangle", "n": 14, "ratio_to_baseline": 0.8119898168637639, "runtime_seconds": 0.04798283299896866, "error": null}
{"seed": 3445, "kind": "convex", "n": 15, "ratio_to_baseline": 0.7969155972095245, "runtime_seconds": 0.02860754099674523, "error": null}
{"seed": 3445, "kind": "square", "n": 20, "ratio_to_baseline": 0.14541881545205174, "runtime_seconds": 0.19683808399713598, "error": null}
{"seed": 3446, "kind": "triangle", "n": 14, "ratio_to_baseline": 0.13075679753134828, "runtime_seconds": 0.06361116699554259, "error": null}
{"seed": 3446, "kind": "convex", "n": 15, "ratio_to_baseline": 0.9999999999998884, "runtime_seconds": 0.014052375001483597, "error": null}
{"seed": 3446, "kind": "square", "n": 20, "ratio_to_baseline": 0.5891199595904744, "runtime_seconds": 0.33787370799836935, "error": null}
{"seed": 3447, "kind": "triangle", "n": 14, "ratio_to_baseline": 0.6571629692099674, "runtime_seconds": 0.013474332998157479, "error": null}
{"seed": 3447, "kind": "convex", "n": 15, "ratio_to_baseline": 0.6119704608081347, "runtime_seconds": 0.12126270800217753, "error": null}
{"seed": 3447, "kind": "square", "n": 20, "ratio_to_baseline": 0.1221991329469867, "runtime_seconds": 0.20470616700185928, "error": null}
{"seed": 3448, "kind": "triangle", "n": 14, "ratio_to_baseline": 0.7225671681131882, "runtime_seconds": 0.05471354100154713, "error": null}
{"seed": 3448, "kind": "convex", "n": 15, "ratio_to_baseline": 0.6953909735366358, "runtime_seconds": 0.07112362499901792, "error": null}
{"seed": 3448, "kind": "square", "n": 20, "ratio_to_baseline": 0.15243593202818007, "runtime_seconds": 0.13230691700300667, "error": null}
{"seed": 3449, "kind": "triangle", "n": 14, "ratio_to_baseline": 0.8026787651613169, "runtime_seconds": 0.035643125003844034, "error": null}
{"seed": 3449, "kind": "convex", "n": 15, "ratio_to_baseline": 0.4581785081270869, "runtime_seconds": 0.18327383300493238, "error": null}
{"seed": 3449, "kind": "square", "n": 20, "ratio_to_baseline": 0.3596924136308334, "runtime_seconds": 0.0922137500019744, "error": null}
{"seed": 3450, "kind": "triangle", "n": 14, "ratio_to_baseline": 0.611086509024939, "runtime_seconds": 0.028162750000774395, "error": null}
{"seed": 3450, "kind": "convex", "n": 15, "ratio_to_baseline": 0.7841648385573723, "runtime_seconds": 0.03010129099857295, "error": null}
{"seed": 3450, "kind": "square", "n": 20, "ratio_to_baseline": 0.16970023144563895, "runtime_seconds": 0.08612387500033947, "error": null}
{"seed": 3451, "kind": "triangle", "n": 14, "ratio_to_baseline": 0.7225676707649953, "runtime_seconds": 0.09018304200435523, "error": null}
{"seed": 3451, "kind": "convex", "n": 15, "ratio_to_baseline": 0.6623216160327194, "runtime_seconds": 0.1456160420057131, "error": null}
{"seed": 3451, "kind": "square", "n": 20, "ratio_to_baseline": 0.051268563125359885, "runtime_seconds": 0.0870340830006171, "error": null}
{"seed": 3452, "kind": "triangle", "n": 14, "ratio_to_baseline": 0.8119898339925044, "runtime_seconds": 0.08285745800094446, "error": null}
{"seed": 3452, "kind": "convex", "n": 15, "ratio_to_baseline": 0.6888215001283988, "runtime_seconds": 0.22282100000302307, "error": null}
{"seed": 3452, "kind": "square", "n": 20, "ratio_to_baseline": 0.6993740169158397, "runtime_seconds": 0.2131990420020884, "error": null}
{"seed": 3453, "kind": "triangle", "n": 14, "ratio_to_baseline": 0.8005915003842751, "runtime_seconds": 0.07040929199865786, "error": null}
{"seed": 3453, "kind": "convex", "n": 15, "ratio_to_baseline": 0.9999999999998884, "runtime_seconds": 0.02410670799872605, "error": null}
{"seed": 3453, "kind": "square", "n": 20, "ratio_to_baseline": 0.7357108301565157, "runtime_seconds": 0.6065209999942454, "error": null}
{"seed": 3454, "kind": "triangle", "n": 14, "ratio_to_baseline": 0.5178846636449278, "runtime_seconds": 0.0560890830020071, "error": null}
{"seed": 3454, "kind": "convex", "n": 15, "ratio_to_baseline": 0.3890185331448357, "runtime_seconds": 0.09930395799892722, "error": null}
{"seed": 3454, "kind": "square", "n": 20, "ratio_to_baseline": 0.579208706682409, "runtime_seconds": 0.04455033299745992, "error": null}
{"seed": 3455, "kind": "triangle", "n": 14, "ratio_to_baseline": 0.800591589026092, "runtime_seconds": 0.048944542002573144, "error": null}
{"seed": 3455, "kind": "convex", "n": 15, "ratio_to_baseline": 0.8306178826057871, "runtime_seconds": 0.11937391700485023, "error": null}
{"seed": 3455, "kind": "square", "n": 20, "ratio_to_baseline": 0.9552255625684007, "runtime_seconds": 0.12006270800338825, "error": null}
{"seed": 3456, "kind": "triangle", "n": 14, "ratio_to_baseline": 0.043337088798067504, "runtime_seconds": 0.04642316699755611, "error": null}
{"seed": 3456, "kind": "convex", "n": 15, "ratio_to_baseline": 0.7356824675432438, "runtime_seconds": 0.09037629199883668, "error": null}
{"seed": 3456, "kind": "square", "n": 20, "ratio_to_baseline": 0.4690242896615117, "runtime_seconds": 0.06402787499973783, "error": null}
{"seed": 3457, "kind": "triangle", "n": 14, "ratio_to_baseline": 4.19998830043326e-09, "runtime_seconds": 0.012512667002738453, "error": null}
{"seed": 3457, "kind": "convex", "n": 15, "ratio_to_baseline": 0.9999999999998884, "runtime_seconds": 0.012765083003614563, "error": null}
{"seed": 3457, "kind": "square", "n": 20, "ratio_to_baseline": 0.5805824155213036, "runtime_seconds": 0.08136416599882068, "error": null}
{"seed": 3458, "kind": "triangle", "n": 14, "ratio_to_baseline": 0.6077243486924238, "runtime_seconds": 0.05053220800618874, "error": null}
{"seed": 3458, "kind": "convex", "n": 15, "ratio_to_baseline": 0.688821878514187, "runtime_seconds": 0.231005041001481, "error": null}
{"seed": 3458, "kind": "square", "n": 20, "ratio_to_baseline": 0.21506446743152877, "runtime_seconds": 0.09750050000002375, "error": null}
{"seed": 3459, "kind": "triangle", "n": 14, "ratio_to_baseline": 0.15060424510939324, "runtime_seconds": 0.06675641699985135, "error": null}
{"seed": 3459, "kind": "convex", "n": 15, "ratio_to_baseline": 0.8518453968211174, "runtime_seconds": 0.04304324999975506, "error": null}
{"seed": 3459, "kind": "square", "n": 20, "ratio_to_baseline": 0.5944041918887769, "runtime_seconds": 0.19227795799815794, "error": null}
{"seed": 3460, "kind": "triangle", "n": 14, "ratio_to_baseline": 0.7225675461189615, "runtime_seconds": 0.1872507499938365, "error": null}
{"seed": 3460, "kind": "convex", "n": 15, "ratio_to_baseline": 0.8223019453227003, "runtime_seconds": 0.11059266600204865, "error": null}
{"seed": 3460, "kind": "square", "n": 20, "ratio_to_baseline": 0.05397806330512331, "runtime_seconds": 0.2537018340008217, "error": null}
{"seed": 3461, "kind": "triangle", "n": 14, "ratio_to_baseline": 0.21606593846683345, "runtime_seconds": 0.03669625000475207, "error": null}
{"seed": 3461, "kind": "convex", "n": 15, "ratio_to_baseline": 0.45439599033495026, "runtime_seconds": 0.08385995800199453, "error": null}
{"seed": 3461, "kind": "square", "n": 20, "ratio_to_baseline": 0.11011303841713438, "runtime_seconds": 0.13174199999775738, "error": null}
{"seed": 3462, "kind": "triangle", "n": 14, "ratio_to_baseline": null, "runtime_seconds": 0.00583320899750106, "error": null}
{"seed": 3462, "kind": "convex", "n": 15, "ratio_to_baseline": 0.6782991203923424, "runtime_seconds": 0.23399291599343996, "error": null}
{"seed": 3462, "kind": "square", "n": 20, "ratio_to_baseline": 0.04697882727728629, "runtime_seconds": 0.1505195839999942, "error": null}
{"seed": 3463, "kind": "triangle", "n": 14, "ratio_to_baseline": 0.15795267185932643, "runtime_seconds": 0.06768174999888288, "error": null}
{"seed": 3463, "kind": "convex", "n": 15, "ratio_to_baseline": 0.7827055902671809, "runtime_seconds": 0.09315145800064784, "error": null}
{"seed": 3463, "kind": "square", "n": 20, "ratio_to_baseline": 0.03842449715550442, "runtime_seconds": 0.11236100000678562, "error": null}
{"seed": 3464, "kind": "triangle", "n": 14, "ratio_to_baseline": 0.3983584306199495, "runtime_seconds": 0.026667083002394065, "error": null}
{"seed": 3464, "kind": "convex", "n": 15, "ratio_to_baseline": 0.7392927418282318, "runtime_seconds": 0.30706199999985984, "error": null}
{"seed": 3464, "kind": "square", "n": 20, "ratio_to_baseline": 0.38811124193033736, "runtime_seconds": 0.10755945799610345, "error": null}
{"seed": 3465, "kind": "triangle", "n": 14, "ratio_to_baseline": 0.6077243747414415, "runtime_seconds": 0.03304175000084797, "error": null}
{"seed": 3465, "kind": "convex", "n": 15, "ratio_to_baseline": 0.8818788807786457, "runtime_seconds": 0.11711241699958919, "error": null}
{"seed": 3465, "kind": "square", "n": 20, "ratio_to_baseline": 0.6329350746565306, "runtime_seconds": 0.062007500004256144, "error": null}
{"seed": 3466, "kind": "triangle", "n": 14, "ratio_to_baseline": 0.58051677396906, "runtime_seconds": 0.0345005420022062, "error": null}
{"seed": 3466, "kind": "convex", "n": 15, "ratio_to_baseline": 0.269324234542255, "runtime_seconds": 0.08194212499802234, "error": null}
{"seed": 3466, "kind": "square", "n": 20, "ratio_to_baseline": 0.12227695904921494, "runtime_seconds": 0.142283666995354, "error": null}
{"seed": 3467, "kind": "triangle", "n": 14, "ratio_to_baseline": 0.7546534375917301, "runtime_seconds": 0.025931792006304022, "error": null}
{"seed": 3467, "kind": "convex", "n": 15, "ratio_to_baseline": 0.782705483928911, "runtime_seconds": 0.10063629200158175, "error": null}
{"seed": 3467, "kind": "square", "n": 20, "ratio_to_baseline": 0.11283219671695685, "runtime_seconds": 0.16465241699916078, "error": null}
{"seed": 3468, "kind": "triangle", "n": 14, "ratio_to_baseline": 0.5990873820443955, "runtime_seconds": 0.0538479590031784, "error": null}
{"seed": 3468, "kind": "convex", "n": 15, "ratio_to_baseline": 0.6943783551983609, "runtime_seconds": 0.2540762920034467, "error": null}
{"seed": 3468, "kind": "square", "n": 20, "ratio_to_baseline": 0.5294965968875993, "runtime_seconds": 0.06441362499754177, "error": null}
{"seed": 3469, "kind": "triangle", "n": 14, "ratio_to_baseline": 0.3990417299169919, "runtime_seconds": 0.03639441600535065, "error": null}
{"seed": 3469, "kind": "convex", "n": 15, "ratio_to_baseline": 0.9999999999998884, "runtime_seconds": 0.02701883299596375, "error": null}
{"seed": 3469, "kind": "square", "n": 20, "ratio_to_baseline": 0.9621695533198936, "runtime_seconds": 0.23537141700217035, "error": null}
{"seed": 3470, "kind": "triangle", "n": 14, "ratio_to_baseline": 0.10144861787301619, "runtime_seconds": 0.029296000000613276, "error": null}
{"seed": 3470, "kind": "convex", "n": 15, "ratio_to_baseline": 0.7827056380630636, "runtime_seconds": 0.09231129100226099, "error": null}
{"seed": 3470, "kind": "square", "n": 20, "ratio_to_baseline": 0.5867700849290013, "runtime_seconds": 0.2706695419983589, "error": null}
{"seed": 3471, "kind": "triangle", "n": 14, "ratio_to_baseline": 0.40146237745913244, "runtime_seconds": 0.017104375001508743, "error": null}
{"seed": 3471, "kind": "convex", "n": 15, "ratio_to_baseline": 0.39501377909922797, "runtime_seconds": 0.11338358299690299, "error": null}
{"seed": 3471, "kind": "square", "n": 20, "ratio_to_baseline": 0.4648236939475251, "runtime_seconds": 0.16497866599820554, "error": null}
{"seed": 3472, "kind": "triangle", "n": 14, "ratio_to_baseline": 0.81198979460418, "runtime_seconds": 0.03097804100252688, "error": null}
{"seed": 3472, "kind": "convex", "n": 15, "ratio_to_baseline": 0.6612023610763593, "runtime_seconds": 0.16650045799906366, "error": null}
{"seed": 3472, "kind": "square", "n": 20, "ratio_to_baseline": 0.4708564619226582, "runtime_seconds": 0.1279736669966951, "error": null}
{"seed": 3473, "kind": "triangle", "n": 14, "ratio_to_baseline": 0.7512779871678589, "runtime_seconds": 0.013958499999716878, "error": null}
{"seed": 3473, "kind": "convex", "n": 15, "ratio_to_baseline": 0.3523982509656711, "runtime_seconds": 0.14837575000274228, "error": null}
{"seed": 3473, "kind": "square", "n": 20, "ratio_to_baseline": 0.40557836097512634, "runtime_seconds": 0.09491158300079405, "error": null}
{"seed": 3474, "kind": "triangle", "n": 14, "ratio_to_baseline": 0.08810219988325435, "runtime_seconds": 0.048344541995902546, "error": null}
{"seed": 3474, "kind": "convex", "n": 15, "ratio_to_baseline": 0.6623228871838558, "runtime_seconds": 0.13075004200072726, "error": null}
{"seed": 3474, "kind": "square", "n": 20, "ratio_to_baseline": 0.5368246053389728, "runtime_seconds": 0.10475770799530437, "error": null}
{"seed": 3475, "kind": "triangle", "n": 14, "ratio_to_baseline": 0.5990871764414389, "runtime_seconds": 0.020502041996223852, "error": null}
{"seed": 3475, "kind": "convex", "n": 15, "ratio_to_baseline": 0.5954263940736105, "runtime_seconds": 0.0798603329967591, "error": null}
{"seed": 3475, "kind": "square", "n": 20, "ratio_to_baseline": 0.577769890839489, "runtime_seconds": 0.11996479200024623, "error": null}
{"seed": 3476, "kind": "triangle", "n": 14, "ratio_to_baseline": 0.6831272069979275, "runtime_seconds": 0.035594624998338986, "error": null}
{"seed": 3476, "kind": "convex", "n": 15, "ratio_to_baseline": 0.48132685185975477, "runtime_seconds": 0.03232729100272991, "error": null}
{"seed": 3476, "kind": "square", "n": 20, "ratio_to_baseline": 0.587756047439347, "runtime_seconds": 0.11819416700018337, "error": null}
{"seed": 3477, "kind": "triangle", "n": 14, "ratio_to_baseline": 0.4984881554479229, "runtime_seconds": 0.09374112499790499, "error": null}
{"seed": 3477, "kind": "convex", "n": 15, "ratio_to_baseline": 0.9999999999998884, "runtime_seconds": 0.020823624996410217, "error": null}
{"seed": 3477, "kind": "square", "n": 20, "ratio_to_baseline": 0.5915292729286402, "runtime_seconds": 0.24896070799877634, "error": null}
{"seed": 3478, "kind": "triangle", "n": 14, "ratio_to_baseline": 0.7441453521188771, "runtime_seconds": 0.040091249997203704, "error": null}
{"seed": 3478, "kind": "convex", "n": 15, "ratio_to_baseline": 0.8818753058892655, "runtime_seconds": 0.12182237500383053, "error": null}
{"seed": 3478, "kind": "square", "n": 20, "ratio_to_baseline": 0.7476750903739653, "runtime_seconds": 0.36518775000149617, "error": null}
{"seed": 3479, "kind": "triangle", "n": 14, "ratio_to_baseline": 0.14493469366769876, "runtime_seconds": 0.047994915999879595, "error": null}
{"seed": 3479, "kind": "convex", "n": 15, "ratio_to_baseline": 0.8359475407251611, "runtime_seconds": 0.10065174999908777, "error": null}
{"seed": 3479, "kind": "square", "n": 20, "ratio_to_baseline": 0.14163871905050296, "runtime_seconds": 0.3611505419976311, "error": null}
{"seed": 3480, "kind": "triangle", "n": 14, "ratio_to_baseline": 0.16022041924688032, "runtime_seconds": 0.017156583002361003, "error": null}
{"seed": 3480, "kind": "convex", "n": 15, "ratio_to_baseline": 0.24344982497662657, "runtime_seconds": 0.06340662499860628, "error": null}
{"seed": 3480, "kind": "square", "n": 20, "ratio_to_baseline": 0.18807534389306257, "runtime_seconds": 0.23964512499514967, "error": null}
{"seed": 3481, "kind": "triangle", "n": 14, "ratio_to_baseline": 0.39656359288396403, "runtime_seconds": 0.03809658400132321, "error": null}
{"seed": 3481, "kind": "convex", "n": 15, "ratio_to_baseline": 0.05012423895699046, "runtime_seconds": 0.036068458000954706, "error": null}
{"seed": 3481, "kind": "square", "n": 20, "ratio_to_baseline": 0.6254983470109904, "runtime_seconds": 0.25078004100214457, "error": null}
{"seed": 3482, "kind": "triangle", "n": 14, "ratio_to_baseline": 0.7245775029819987, "runtime_seconds": 0.03615399999398505, "error": null}
{"seed": 3482, "kind": "convex", "n": 15, "ratio_to_baseline": 0.7692671943333422, "runtime_seconds": 0.7007588339984068, "error": null}
{"seed": 3482, "kind": "square", "n": 20, "ratio_to_baseline": 0.46673308762370197, "runtime_seconds": 0.16420749999815598, "error": null}
{"seed": 3483, "kind": "triangle", "n": 14, "ratio_to_baseline": 0.8442942310202483, "runtime_seconds": 0.06899254199379357, "error": null}
{"seed": 3483, "kind": "convex", "n": 15, "ratio_to_baseline": 0.2572573913906561, "runtime_seconds": 0.10099420900223777, "error": null}
{"seed": 3483, "kind": "square", "n": 20, "ratio_to_baseline": 0.5937947212100126, "runtime_seconds": 0.11688500000309432, "error": null}
{"seed": 3484, "kind": "triangle", "n": 14, "ratio_to_baseline": 0.8005914341377808, "runtime_seconds": 0.05236562500067521, "error": null}
{"seed": 3484, "kind": "convex", "n": 15, "ratio_to_baseline": 0.6095557924999355, "runtime_seconds": 0.03725008400215302, "error": null}
{"seed": 3484, "kind": "square", "n": 20, "ratio_to_baseline": 0.14814051651578128, "runtime_seconds": 0.241678165999474, "error": null}
{"seed": 3485, "kind": "triangle", "n": 14, "ratio_to_baseline": 0.7774924198275095, "runtime_seconds": 0.030809290998149663, "error": null}
{"seed": 3485, "kind": "convex", "n": 15, "ratio_to_baseline": 0.9999999999998884, "runtime_seconds": 0.022925208002561703, "error": null}
{"seed": 3485, "kind": "square", "n": 20, "ratio_to_baseline": 0.40609135719634176, "runtime_seconds": 0.06862562499736669, "error": null}
{"seed": 3486, "kind": "triangle", "n": 14, "ratio_to_baseline": 0.6077242031424139, "runtime_seconds": 0.02011225000023842, "error": null}
{"seed": 3486, "kind": "convex", "n": 15, "ratio_to_baseline": 0.7841647955746399, "runtime_seconds": 0.036805958006880246, "error": null}
{"seed": 3486, "kind": "square", "n": 20, "ratio_to_baseline": 0.5831788453283302, "runtime_seconds": 0.09028575000411365, "error": null}
{"seed": 3487, "kind": "triangle", "n": 14, "ratio_to_baseline": 0.08273118360129517, "runtime_seconds": 0.12344645900157047, "error": null}
{"seed": 3487, "kind": "convex", "n": 15, "ratio_to_baseline": 0.9999999999998884, "runtime_seconds": 0.0366702500032261, "error": null}
{"seed": 3487, "kind": "square", "n": 20, "ratio_to_baseline": 0.35612973309098134, "runtime_seconds": 0.18659383300109766, "error": null}
{"seed": 3488, "kind": "triangle", "n": 14, "ratio_to_baseline": 0.39656352695217495, "runtime_seconds": 0.0506196659989655, "error": null}
{"seed": 3488, "kind": "convex", "n": 15, "ratio_to_baseline": 0.449186604316448, "runtime_seconds": 0.0443948750034906, "error": null}
{"seed": 3488, "kind": "square", "n": 20, "ratio_to_baseline": 0.7178201820231607, "runtime_seconds": 0.1714405419988907, "error": null}
{"seed": 3489, "kind": "triangle", "n": 14, "ratio_to_baseline": 0.6441312241765225, "runtime_seconds": 0.03746350000437815, "error": null}
{"seed": 3489, "kind": "convex", "n": 15, "ratio_to_baseline": 0.48132685550165494, "runtime_seconds": 0.030921709003450815, "error": null}
{"seed": 3489, "kind": "square", "n": 20, "ratio_to_baseline": 0.12656928569610276, "runtime_seconds": 0.22656724999978906, "error": null}
{"seed": 3490, "kind": "triangle", "n": 14, "ratio_to_baseline": 0.23785010854165228, "runtime_seconds": 0.18840608299797168, "error": null}
{"seed": 3490, "kind": "convex", "n": 15, "ratio_to_baseline": 0.8518453550009631, "runtime_seconds": 0.03522637500282144, "error": null}
{"seed": 3490, "kind": "square", "n": 20, "ratio_to_baseline": 0.5727897372358195, "runtime_seconds": 0.18356458299967926, "error": null}
{"seed": 3491, "kind": "triangle", "n": 14, "ratio_to_baseline": 0.4984902125299274, "runtime_seconds": 0.07019933300034609, "error": null}
{"seed": 3491, "kind": "convex", "n": 15, "ratio_to_baseline": 0.9999999999998884, "runtime_seconds": 0.02375820800079964, "error": null}
{"seed": 3491, "kind": "square", "n": 20, "ratio_to_baseline": 0.5822747398993731, "runtime_seconds": 0.059158457996090874, "error": null}
{"seed": 3492, "kind": "triangle", "n": 14, "ratio_to_baseline": 0.18654671954531324, "runtime_seconds": 0.0882482080050977, "error": null}
{"seed": 3492, "kind": "convex", "n": 15, "ratio_to_baseline": 0.5997995810723231, "runtime_seconds": 0.04670595799689181, "error": null}
{"seed": 3492, "kind": "square", "n": 20, "ratio_to_baseline": 0.5756751305942394, "runtime_seconds": 0.09200458299892489, "error": null}
{"seed": 3493, "kind": "triangle", "n": 14, "ratio_to_baseline": 0.14863749743023497, "runtime_seconds": 0.05482916600158205, "error": null}
{"seed": 3493, "kind": "convex", "n": 15, "ratio_to_baseline": 0.784393995400232, "runtime_seconds": 0.10173654100071872, "error": null}
{"seed": 3493, "kind": "square", "n": 20, "ratio_to_baseline": 0.09917648148482866, "runtime_seconds": 0.14326820900168968, "error": null}
{"seed": 3494, "kind": "triangle", "n": 14, "ratio_to_baseline": 0.09268693832195908, "runtime_seconds": 0.13672329199471278, "error": null}
{"seed": 3494, "kind": "convex", "n": 15, "ratio_to_baseline": 0.7356850566885718, "runtime_seconds": 0.0732246249972377, "error": null}
{"seed": 3494, "kind": "square", "n": 20, "ratio_to_baseline": 0.5823727636380229, "runtime_seconds": 0.06982758300000569, "error": null}
{"seed": 3495, "kind": "triangle", "n": 14, "ratio_to_baseline": 0.09095237610392412, "runtime_seconds": 0.18669375000172295, "error": null}
{"seed": 3495, "kind": "convex", "n": 15, "ratio_to_baseline": 0.8359475585437555, "runtime_seconds": 0.10331816699908813, "error": null}
{"seed": 3495, "kind": "square", "n": 20, "ratio_to_baseline": 0.6267598060851589, "runtime_seconds": 0.09796845800156007, "error": null}
{"seed": 3496, "kind": "triangle", "n": 14, "ratio_to_baseline": 0.2083828372389689, "runtime_seconds": 0.034031583003525157, "error": null}
{"seed": 3496, "kind": "convex", "n": 15, "ratio_to_baseline": 0.4491866109807453, "runtime_seconds": 0.08225908299937146, "error": null}
{"seed": 3496, "kind": "square", "n": 20, "ratio_to_baseline": 0.1152045513711706, "runtime_seconds": 0.25540029199328274, "error": null}
{"seed": 3497, "kind": "triangle", "n": 14, "ratio_to_baseline": 0.4984892802091056, "runtime_seconds": 0.06406395800149767, "error": null}
{"seed": 3497, "kind": "convex", "n": 15, "ratio_to_baseline": 0.6888163053555474, "runtime_seconds": 0.18852429200342158, "error": null}
{"seed": 3497, "kind": "square", "n": 20, "ratio_to_baseline": 0.033992914281001964, "runtime_seconds": 0.05455429099674802, "error": null}
{"seed": 3498, "kind": "triangle", "n": 14, "ratio_to_baseline": 0.40041594505509787, "runtime_seconds": 0.025895124999806285, "error": null}
{"seed": 3498, "kind": "convex", "n": 15, "ratio_to_baseline": 0.7055377105058138, "runtime_seconds": 0.10654995799995959, "error": null}
{"seed": 3498, "kind": "square", "n": 20, "ratio_to_baseline": 0.09676046470115211, "runtime_seconds": 0.23207279200141784, "error": null}
{"seed": 3499, "kind": "triangle", "n": 14, "ratio_to_baseline": 0.40146190494593015, "runtime_seconds": 0.017861249994894024, "error": null}
{"seed": 3499, "kind": "convex", "n": 15, "ratio_to_baseline": 0.5937948638110326, "runtime_seconds": 0.15574912499869242, "error": null}
{"seed": 3499, "kind": "square", "n": 20, "ratio_to_baseline": 0.5668150492578448, "runtime_seconds": 0.06887975000427105, "error": null}
{"seed": 3500, "kind": "triangle", "n": 14, "ratio_to_baseline": 0.6831270117755289, "runtime_seconds": 0.04352225000184262, "error": null}
{"seed": 3500, "kind": "convex", "n": 15, "ratio_to_baseline": 0.663025088531287, "runtime_seconds": 0.11632475000078557, "error": null}
{"seed": 3500, "kind": "square", "n": 20, "ratio_to_baseline": 0.2621070910525566, "runtime_seconds": 0.2214548339979956, "error": null}
{"seed": 3501, "kind": "triangle", "n": 14, "ratio_to_baseline": 0.26568172142081253, "runtime_seconds": 0.11993383299704874, "error": null}
{"seed": 3501, "kind": "convex", "n": 15, "ratio_to_baseline": 0.9999999999998884, "runtime_seconds": 0.027603541006101295, "error": null}
{"seed": 3501, "kind": "square", "n": 20, "ratio_to_baseline": 0.5885538159090379, "runtime_seconds": 0.050961125001776963, "error": null}
{"seed": 3502, "kind": "triangle", "n": 14, "ratio_to_baseline": 0.11179047844661287, "runtime_seconds": 0.07287150000047404, "error": null}
{"seed": 3502, "kind": "convex", "n": 15, "ratio_to_baseline": 0.9999999999998884, "runtime_seconds": 0.013541458996769506, "error": null}
{"seed": 3502, "kind": "square", "n": 20, "ratio_to_baseline": 0.6254274887651669, "runtime_seconds": 0.1229807499985327, "error": null}
{"seed": 3503, "kind": "triangle", "n": 14, "ratio_to_baseline": 0.09105258981663371, "runtime_seconds": 0.21759104100055993, "error": null}
{"seed": 3503, "kind": "convex", "n": 15, "ratio_to_baseline": 0.570742608107204, "runtime_seconds": 0.09417816600034712, "error": null}
{"seed": 3503, "kind": "square", "n": 20, "ratio_to_baseline": 0.6301459059397434, "runtime_seconds": 0.0692960829983349, "error": null}
{"seed": 3504, "kind": "triangle", "n": 14, "ratio_to_baseline": 0.09125587235844168, "runtime_seconds": 0.1514164579930366, "error": null}
{"seed": 3504, "kind": "convex", "n": 15, "ratio_to_baseline": 0.740006344935586, "runtime_seconds": 0.12957312499929685, "error": null}
{"seed": 3504, "kind": "square", "n": 20, "ratio_to_baseline": 0.41736178972621424, "runtime_seconds": 0.12912029099970823, "error": null}
{"seed": 3505, "kind": "triangle", "n": 14, "ratio_to_baseline": 0.8300297885054778, "runtime_seconds": 0.08839024999906542, "error": null}
{"seed": 3505, "kind": "convex", "n": 15, "ratio_to_baseline": 0.6095558072537293, "runtime_seconds": 0.03037212500203168, "error": null}
{"seed": 3505, "kind": "square", "n": 20, "ratio_to_baseline": 0.03510329612314784, "runtime_seconds": 0.24857237499963958, "error": null}
{"seed": 3506, "kind": "triangle", "n": 14, "ratio_to_baseline": 0.611086648706675, "runtime_seconds": 0.026171874997089617, "error": null}
{"seed": 3506, "kind": "convex", "n": 15, "ratio_to_baseline": 0.7672753008666273, "runtime_seconds": 0.18113787499896716, "error": null}
{"seed": 3506, "kind": "square", "n": 20, "ratio_to_baseline": 0.025782202584473668, "runtime_seconds": 0.11938595800165785, "error": null}
{"seed": 3507, "kind": "triangle", "n": 14, "ratio_to_baseline": 0.10723647405863344, "runtime_seconds": 0.029867666999052744, "error": null}
{"seed": 3507, "kind": "convex", "n": 15, "ratio_to_baseline": 0.9999999999998884, "runtime_seconds": 0.01286654199793702, "error": null}
{"seed": 3507, "kind": "square", "n": 20, "ratio_to_baseline": 0.6211828768948909, "runtime_seconds": 0.12270941599854268, "error": null}
{"seed": 3508, "kind": "triangle", "n": 14, "ratio_to_baseline": 0.16137600210104275, "runtime_seconds": 0.06320120800228324, "error": null}
{"seed": 3508, "kind": "convex", "n": 15, "ratio_to_baseline": 0.7055376795563506, "runtime_seconds": 0.08877895800105762, "error": null}
{"seed": 3508, "kind": "square", "n": 20, "ratio_to_baseline": 0.4215540602099555, "runtime_seconds": 0.11193975000060163, "error": null}
{"seed": 3509, "kind": "triangle", "n": 14, "ratio_to_baseline": 0.20335697789191018, "runtime_seconds": 0.09700237499782816, "error": null}
{"seed": 3509, "kind": "convex", "n": 15, "ratio_to_baseline": 0.5937953329272071, "runtime_seconds": 0.09526233300130116, "error": null}
{"seed": 3509, "kind": "square", "n": 20, "ratio_to_baseline": 0.08164137043548504, "runtime_seconds": 0.1113491249998333, "error": null}
{"seed": 3510, "kind": "triangle", "n": 14, "ratio_to_baseline": 0.7546536334072076, "runtime_seconds": 0.02087579100043513, "error": null}
{"seed": 3510, "kind": "convex", "n": 15, "ratio_to_baseline": 0.6840062433093832, "runtime_seconds": 0.10148062499501975, "error": null}
{"seed": 3510, "kind": "square", "n": 20, "ratio_to_baseline": 0.40614602578952447, "runtime_seconds": 0.08058008299849462, "error": null}
{"seed": 3511, "kind": "triangle", "n": 14, "ratio_to_baseline": null, "runtime_seconds": 0.005547332999412902, "error": null}
{"seed": 3511, "kind": "convex", "n": 15, "ratio_to_baseline": 0.6953908587965995, "runtime_seconds": 0.05174916599935386, "error": null}
{"seed": 3511, "kind": "square", "n": 20, "ratio_to_baseline": 0.29739954587882883, "runtime_seconds": 0.03533391699602362, "error": null}
{"seed": 3512, "kind": "triangle", "n": 14, "ratio_to_baseline": 0.1006695917302905, "runtime_seconds": 0.028228917006345, "error": null}
{"seed": 3512, "kind": "convex", "n": 15, "ratio_to_baseline": 0.6095558742415584, "runtime_seconds": 0.031857916997978464, "error": null}
{"seed": 3512, "kind": "square", "n": 20, "ratio_to_baseline": 0.5005226138904989, "runtime_seconds": 0.16889841700321995, "error": null}
{"seed": 3513, "kind": "triangle", "n": 14, "ratio_to_baseline": 0.7245776222300563, "runtime_seconds": 0.04390854200028116, "error": null}
{"seed": 3513, "kind": "convex", "n": 15, "ratio_to_baseline": 0.9999999999998884, "runtime_seconds": 0.023119958001188934, "error": null}
{"seed": 3513, "kind": "square", "n": 20, "ratio_to_baseline": 0.5464755441649934, "runtime_seconds": 0.036311083000327926, "error": null}
{"seed": 3514, "kind": "triangle", "n": 14, "ratio_to_baseline": 0.08678736782125507, "runtime_seconds": 0.08263987500686198, "error": null}
{"seed": 3514, "kind": "convex", "n": 15, "ratio_to_baseline": 0.9999999999998884, "runtime_seconds": 0.016607208002824336, "error": null}
{"seed": 3514, "kind": "square", "n": 20, "ratio_to_baseline": 0.351302899419746, "runtime_seconds": 0.04678233300364809, "error": null}
{"seed": 3515, "kind": "triangle", "n": 14, "ratio_to_baseline": 0.17469043963101105, "runtime_seconds": 0.04034029100148473, "error": null}
{"seed": 3515, "kind": "convex", "n": 15, "ratio_to_baseline": 0.7841649335929756, "runtime_seconds": 0.04762987499998417, "error": null}
{"seed": 3515, "kind": "square", "n": 20, "ratio_to_baseline": 0.9551906574548129, "runtime_seconds": 0.1271245000025374, "error": null}
{"seed": 3516, "kind": "triangle", "n": 14, "ratio_to_baseline": 0.6831273099398892, "runtime_seconds": 0.05017562499415362, "error": null}
{"seed": 3516, "kind": "convex", "n": 15, "ratio_to_baseline": 0.30331171430925985, "runtime_seconds": 0.10407733299507527, "error": null}
{"seed": 3516, "kind": "square", "n": 20, "ratio_to_baseline": 0.3514650985668477, "runtime_seconds": 0.06336662499961676, "error": null}
{"seed": 3517, "kind": "triangle", "n": 14, "ratio_to_baseline": 0.20288990470174903, "runtime_seconds": 0.09600279200094519, "error": null}
{"seed": 3517, "kind": "convex", "n": 15, "ratio_to_baseline": 0.9999999999998884, "runtime_seconds": 0.012456040996767115, "error": null}
{"seed": 3517, "kind": "square", "n": 20, "ratio_to_baseline": 0.5175794264699061, "runtime_seconds": 0.055545333998452406, "error": null}
{"seed": 3518, "kind": "triangle", "n": 14, "ratio_to_baseline": 0.751277989519297, "runtime_seconds": 0.015242666995618492, "error": null}
{"seed": 3518, "kind": "convex", "n": 15, "ratio_to_baseline": 0.7843939652518657, "runtime_seconds": 0.09160325000266312, "error": null}
{"seed": 3518, "kind": "square", "n": 20, "ratio_to_baseline": 0.7481717542786324, "runtime_seconds": 0.17213449999690056, "error": null}
{"seed": 3519, "kind": "triangle", "n": 14, "ratio_to_baseline": 0.7124942043798337, "runtime_seconds": 0.08522920800169231, "error": null}
{"seed": 3519, "kind": "convex", "n": 15, "ratio_to_baseline": 0.8306175523323617, "runtime_seconds": 0.10943987499922514, "error": null}
{"seed": 3519, "kind": "square", "n": 20, "ratio_to_baseline": 0.3476647788721088, "runtime_seconds": 0.13593270799901802, "error": null}
{"seed": 3520, "kind": "triangle", "n": 14, "ratio_to_baseline": 0.644133288978273, "runtime_seconds": 0.061873582999396604, "error": null}
{"seed": 3520, "kind": "convex", "n": 15, "ratio_to_baseline": 0.8818779768555584, "runtime_seconds": 0.06595745799859287, "error": null}
{"seed": 3520, "kind": "square", "n": 20, "ratio_to_baseline": 0.0581827323339757, "runtime_seconds": 0.07394462500087684, "error": null}
{"seed": 3521, "kind": "triangle", "n": 14, "ratio_to_baseline": 0.7515505862276725, "runtime_seconds": 0.028537083002447616, "error": null}
{"seed": 3521, "kind": "convex", "n": 15, "ratio_to_baseline": 0.7250391472401576, "runtime_seconds": 0.15636912499758182, "error": null}
{"seed": 3521, "kind": "square", "n": 20, "ratio_to_baseline": 0.5926632193440065, "runtime_seconds": 0.11512012499588309, "error": null}
{"seed": 3522, "kind": "triangle", "n": 14, "ratio_to_baseline": 0.2083825111527404, "runtime_seconds": 0.026840375001484063, "error": null}
{"seed": 3522, "kind": "convex", "n": 15, "ratio_to_baseline": 0.6119707390435333, "runtime_seconds": 0.08152383300330257, "error": null}
{"seed": 3522, "kind": "square", "n": 20, "ratio_to_baseline": 0.12809952623217116, "runtime_seconds": 0.10721079100039788, "error": null}
{"seed": 3523, "kind": "triangle", "n": 14, "ratio_to_baseline": 0.751277974012108, "runtime_seconds": 0.014030999998794869, "error": null}
{"seed": 3523, "kind": "convex", "n": 15, "ratio_to_baseline": 0.6226727417671006, "runtime_seconds": 0.025946041001589037, "error": null}
{"seed": 3523, "kind": "square", "n": 20, "ratio_to_baseline": 0.5464749281607855, "runtime_seconds": 0.03612379200058058, "error": null}
{"seed": 3524, "kind": "triangle", "n": 14, "ratio_to_baseline": 0.49849052279541833, "runtime_seconds": 0.041423333997954614, "error": null}
{"seed": 3524, "kind": "convex", "n": 15, "ratio_to_baseline": 0.26601124563629575, "runtime_seconds": 0.07778854099888122, "error": null}
{"seed": 3524, "kind": "square", "n": 20, "ratio_to_baseline": 0.09159032894038223, "runtime_seconds": 0.10853304200281855, "error": null}
{"seed": 3525, "kind": "triangle", "n": 14, "ratio_to_baseline": 0.7512779521115659, "runtime_seconds": 0.012915083003463224, "error": null}
{"seed": 3525, "kind": "convex", "n": 15, "ratio_to_baseline": 0.6888249199634965, "runtime_seconds": 0.20377441700111376, "error": null}
{"seed": 3525, "kind": "square", "n": 20, "ratio_to_baseline": 0.3881111756905216, "runtime_seconds": 0.06501520900201285, "error": null}
{"seed": 3526, "kind": "triangle", "n": 14, "ratio_to_baseline": 0.6831269030775396, "runtime_seconds": 0.02548216599825537, "error": null}
{"seed": 3526, "kind": "convex", "n": 15, "ratio_to_baseline": 0.7147152909091405, "runtime_seconds": 0.11982283399993321, "error": null}
{"seed": 3526, "kind": "square", "n": 20, "ratio_to_baseline": 0.35196495350070794, "runtime_seconds": 0.23642087499320041, "error": null}
{"seed": 3527, "kind": "triangle", "n": 14, "ratio_to_baseline": 0.7060794210518668, "runtime_seconds": 0.09485349999886239, "error": null}
{"seed": 3527, "kind": "convex", "n": 15, "ratio_to_baseline": 0.5954266997646324, "runtime_seconds": 0.0469001669989666, "error": null}
{"seed": 3527, "kind": "square", "n": 20, "ratio_to_baseline": 0.3737842887273337, "runtime_seconds": 0.055506834003608674, "error": null}
{"seed": 3528, "kind": "triangle", "n": 14, "ratio_to_baseline": 0.6441294356281383, "runtime_seconds": 0.05162562499754131, "error": null}
{"seed": 3528, "kind": "convex", "n": 15, "ratio_to_baseline": 0.8390400185845728, "runtime_seconds": 0.033518167001602706, "error": null}
{"seed": 3528, "kind": "square", "n": 20, "ratio_to_baseline": 0.1367608701233218, "runtime_seconds": 0.13124333300220314, "error": null}
{"seed": 3529, "kind": "triangle", "n": 14, "ratio_to_baseline": 0.21736561805107107, "runtime_seconds": 0.09094758299761452, "error": null}
{"seed": 3529, "kind": "convex", "n": 15, "ratio_to_baseline": 0.22949453694470018, "runtime_seconds": 0.12253979199886089, "error": null}
{"seed": 3529, "kind": "square", "n": 20, "ratio_to_baseline": 0.6991770112585877, "runtime_seconds": 0.2602474169980269, "error": null}
{"seed": 3530, "kind": "triangle", "n": 14, "ratio_to_baseline": 0.48290153120519347, "runtime_seconds": 0.0970807909980067, "error": null}
{"seed": 3530, "kind": "convex", "n": 15, "ratio_to_baseline": 0.6868327440469209, "runtime_seconds": 0.05363608300103806, "error": null}
{"seed": 3530, "kind": "square", "n": 20, "ratio_to_baseline": 0.5842034884228146, "runtime_seconds": 0.0718340840030578, "error": null}
{"seed": 3531, "kind": "triangle", "n": 14, "ratio_to_baseline": 0.6564254361554019, "runtime_seconds": 0.060125666997919325, "error": null}
{"seed": 3531, "kind": "convex", "n": 15, "ratio_to_baseline": 0.6942943374014726, "runtime_seconds": 0.0887402079970343, "error": null}
{"seed": 3531, "kind": "square", "n": 20, "ratio_to_baseline": 0.6333083049667866, "runtime_seconds": 0.05376258400065126, "error": null}
{"seed": 3532, "kind": "triangle", "n": 14, "ratio_to_baseline": null, "runtime_seconds": 0.011091334003140219, "error": null}
{"seed": 3532, "kind": "convex", "n": 15, "ratio_to_baseline": 0.9999999999998884, "runtime_seconds": 0.018140958003641572, "error": null}
{"seed": 3532, "kind": "square", "n": 20, "ratio_to_baseline": 0.03840547616855153, "runtime_seconds": 0.15047679200506536, "error": null}
{"seed": 3533, "kind": "triangle", "n": 14, "ratio_to_baseline": 0.02780526516146172, "runtime_seconds": 0.06372570800158428, "error": null}
{"seed": 3533, "kind": "convex", "n": 15, "ratio_to_baseline": 0.739288717869234, "runtime_seconds": 0.17695425000420073, "error": null}
{"seed": 3533, "kind": "square", "n": 20, "ratio_to_baseline": 0.36567895000640793, "runtime_seconds": 0.052126667003904004, "error": null}
{"seed": 3534, "kind": "triangle", "n": 14, "ratio_to_baseline": 0.7515505380047801, "runtime_seconds": 0.04717250000248896, "error": null}
{"seed": 3534, "kind": "convex", "n": 15, "ratio_to_baseline": 0.8390400307881133, "runtime_seconds": 0.036539709006319754, "error": null}
{"seed": 3534, "kind": "square", "n": 20, "ratio_to_baseline": 0.29074530409207666, "runtime_seconds": 0.05584979199920781, "error": null}
{"seed": 3535, "kind": "triangle", "n": 14, "ratio_to_baseline": 0.1510169993498023, "runtime_seconds": 0.1178040839949972, "error": null}
{"seed": 3535, "kind": "convex", "n": 15, "ratio_to_baseline": 0.39014656444261553, "runtime_seconds": 0.1252506250020815, "error": null}
{"seed": 3535, "kind": "square", "n": 20, "ratio_to_baseline": 0.3503572926901509, "runtime_seconds": 0.17106179099937435, "error": null}
{"seed": 3536, "kind": "triangle", "n": 14, "ratio_to_baseline": 0.702430323511374, "runtime_seconds": 0.026593832997605205, "error": null}
{"seed": 3536, "kind": "convex", "n": 15, "ratio_to_baseline": 0.6868327594792751, "runtime_seconds": 0.0677305829958641, "error": null}
{"seed": 3536, "kind": "square", "n": 20, "ratio_to_baseline": 0.5485099647390544, "runtime_seconds": 0.08442424999520881, "error": null}
{"seed": 3537, "kind": "triangle", "n": 14, "ratio_to_baseline": 0.19164827000381726, "runtime_seconds": 0.044428791996324435, "error": null}
{"seed": 3537, "kind": "convex", "n": 15, "ratio_to_baseline": 0.5997995778954955, "runtime_seconds": 0.04480495799361961, "error": null}
{"seed": 3537, "kind": "square", "n": 20, "ratio_to_baseline": 0.4138281871862436, "runtime_seconds": 0.17938524999772198, "error": null}
{"seed": 3538, "kind": "triangle", "n": 14, "ratio_to_baseline": 0.0926885705517185, "runtime_seconds": 0.12880308300373144, "error": null}
{"seed": 3538, "kind": "convex", "n": 15, "ratio_to_baseline": 0.23974689518472125, "runtime_seconds": 0.11346258300181944, "error": null}
{"seed": 3538, "kind": "square", "n": 20, "ratio_to_baseline": 0.9553956324095174, "runtime_seconds": 0.12732170800154563, "error": null}
{"seed": 3539, "kind": "triangle", "n": 14, "ratio_to_baseline": 0.6747142948881156, "runtime_seconds": 0.04366679100348847, "error": null}
{"seed": 3539, "kind": "convex", "n": 15, "ratio_to_baseline": 0.6623223510079087, "runtime_seconds": 0.14236995799728902, "error": null}
{"seed": 3539, "kind": "square", "n": 20, "ratio_to_baseline": 0.078425438816772, "runtime_seconds": 0.16404845799843315, "error": null}
{"seed": 3540, "kind": "triangle", "n": 14, "ratio_to_baseline": null, "runtime_seconds": 0.01176958400174044, "error": null}
{"seed": 3540, "kind": "convex", "n": 15, "ratio_to_baseline": 0.7841648576448295, "runtime_seconds": 0.03420774999540299, "error": null}
{"seed": 3540, "kind": "square", "n": 20, "ratio_to_baseline": 0.15456747079950425, "runtime_seconds": 0.1198478750011418, "error": null}
{"seed": 3541, "kind": "triangle", "n": 14, "ratio_to_baseline": 0.7126989204581546, "runtime_seconds": 0.07460162499774015, "error": null}
{"seed": 3541, "kind": "convex", "n": 15, "ratio_to_baseline": 0.7843939946208954, "runtime_seconds": 0.10485570799937705, "error": null}
{"seed": 3541, "kind": "square", "n": 20, "ratio_to_baseline": 0.45821187251926915, "runtime_seconds": 0.03867766699841013, "error": null}
{"seed": 3542, "kind": "triangle", "n": 14, "ratio_to_baseline": 0.31490093807163133, "runtime_seconds": 0.10487937499419786, "error": null}
{"seed": 3542, "kind": "convex", "n": 15, "ratio_to_baseline": 0.6545925081511427, "runtime_seconds": 0.1359751670024707, "error": null}
{"seed": 3542, "kind": "square", "n": 20, "ratio_to_baseline": 0.10896135060194534, "runtime_seconds": 0.6258049579992075, "error": null}
{"seed": 3543, "kind": "triangle", "n": 14, "ratio_to_baseline": 0.8005914516331829, "runtime_seconds": 0.0473439170018537, "error": null}
{"seed": 3543, "kind": "convex", "n": 15, "ratio_to_baseline": 0.9999999999998884, "runtime_seconds": 0.02525933300057659, "error": null}
{"seed": 3543, "kind": "square", "n": 20, "ratio_to_baseline": 0.3345309575342996, "runtime_seconds": 0.06350616699637612, "error": null}
{"seed": 3544, "kind": "triangle", "n": 14, "ratio_to_baseline": 0.09955794494246664, "runtime_seconds": 0.08446874999935972, "error": null}
{"seed": 3544, "kind": "convex", "n": 15, "ratio_to_baseline": 0.6226728413854317, "runtime_seconds": 0.027398874997743405, "error": null}
{"seed": 3544, "kind": "square", "n": 20, "ratio_to_baseline": 0.3641574189176443, "runtime_seconds": 0.04162299999734387, "error": null}
{"seed": 3545, "kind": "triangle", "n": 14, "ratio_to_baseline": 0.18185857311310766, "runtime_seconds": 0.045141666996642016, "error": null}
{"seed": 3545, "kind": "convex", "n": 15, "ratio_to_baseline": 0.6226728390051742, "runtime_seconds": 0.03577795799355954, "error": null}
{"seed": 3545, "kind": "square", "n": 20, "ratio_to_baseline": 0.6305980427344481, "runtime_seconds": 0.09276433400373207, "error": null}
{"seed": 3546, "kind": "triangle", "n": 14, "ratio_to_baseline": 0.6110864462994621, "runtime_seconds": 0.06003624999721069, "error": null}
{"seed": 3546, "kind": "convex", "n": 15, "ratio_to_baseline": 0.7250372935277486, "runtime_seconds": 0.11939749999874039, "error": null}
{"seed": 3546, "kind": "square", "n": 20, "ratio_to_baseline": 0.4128469759695677, "runtime_seconds": 0.16461675000027753, "error": null}
{"seed": 3547, "kind": "triangle", "n": 14, "ratio_to_baseline": 6.529775873565143e-10, "runtime_seconds": 0.02358287499373546, "error": null}
{"seed": 3547, "kind": "convex", "n": 15, "ratio_to_baseline": 0.6545923946447678, "runtime_seconds": 0.15334391600481467, "error": null}
{"seed": 3547, "kind": "square", "n": 20, "ratio_to_baseline": 0.47135502955331754, "runtime_seconds": 0.08537620899733156, "error": null}
{"seed": 3548, "kind": "triangle", "n": 14, "ratio_to_baseline": 0.6177245878506851, "runtime_seconds": 0.024631165993923787, "error": null}
{"seed": 3548, "kind": "convex", "n": 15, "ratio_to_baseline": 0.8223013101693932, "runtime_seconds": 0.09593479100294644, "error": null}
{"seed": 3548, "kind": "square", "n": 20, "ratio_to_baseline": 0.08793203903176529, "runtime_seconds": 0.12514129200280877, "error": null}
{"seed": 3549, "kind": "triangle", "n": 14, "ratio_to_baseline": 0.18227743257609316, "runtime_seconds": 0.04200604100333294, "error": null}
{"seed": 3549, "kind": "convex", "n": 15, "ratio_to_baseline": 0.9999999999998884, "runtime_seconds": 0.01335487500182353, "error": null}
{"seed": 3549, "kind": "square", "n": 20, "ratio_to_baseline": 0.5459128833332919, "runtime_seconds": 0.12633474999893224, "error": null}
{"seed": 3550, "kind": "triangle", "n": 14, "ratio_to_baseline": 0.11409462036574508, "runtime_seconds": 0.03879495799628785, "error": null}
{"seed": 3550, "kind": "convex", "n": 15, "ratio_to_baseline": 0.3047414157666741, "runtime_seconds": 0.07115483300003689, "error": null}
{"seed": 3550, "kind": "square", "n": 20, "ratio_to_baseline": 0.3513033084433719, "runtime_seconds": 0.048691791998862755, "error": null}
{"seed": 3551, "kind": "triangle", "n": 14, "ratio_to_baseline": null, "runtime_seconds": 0.012319292000029236, "error": null}
{"seed": 3551, "kind": "convex", "n": 15, "ratio_to_baseline": 0.9999999999998884, "runtime_seconds": 0.023698457996943034, "error": null}
{"seed": 3551, "kind": "square", "n": 20, "ratio_to_baseline": 0.06542364334493772, "runtime_seconds": 0.1121876670003985, "error": null}
{"seed": 3552, "kind": "triangle", "n": 14, "ratio_to_baseline": 0.07007821039276377, "runtime_seconds": 0.04893150000134483, "error": null}
{"seed": 3552, "kind": "convex", "n": 15, "ratio_to_baseline": 0.8390400411116434, "runtime_seconds": 0.03743279199989047, "error": null}
{"seed": 3552, "kind": "square", "n": 20, "ratio_to_baseline": 0.10220714055101444, "runtime_seconds": 0.18885149999550777, "error": null}
{"seed": 3553, "kind": "triangle", "n": 14, "ratio_to_baseline": 0.24529067441053404, "runtime_seconds": 0.03922000000602566, "error": null}
{"seed": 3553, "kind": "convex", "n": 15, "ratio_to_baseline": 0.9999999999998884, "runtime_seconds": 0.017111667002609465, "error": null}
{"seed": 3553, "kind": "square", "n": 20, "ratio_to_baseline": 0.5180200577881156, "runtime_seconds": 0.12336733299889602, "error": null}
{"seed": 3554, "kind": "triangle", "n": 14, "ratio_to_baseline": 0.6077243556254244, "runtime_seconds": 0.03712733299471438, "error": null}
{"seed": 3554, "kind": "convex", "n": 15, "ratio_to_baseline": 0.6868327479884446, "runtime_seconds": 0.04489579100481933, "error": null}
{"seed": 3554, "kind": "square", "n": 20, "ratio_to_baseline": 0.2200776640565112, "runtime_seconds": 0.05678995800553821, "error": null}
{"seed": 3555, "kind": "triangle", "n": 14, "ratio_to_baseline": 0.13269742745950394, "runtime_seconds": 0.050003250005829614, "error": null}
{"seed": 3555, "kind": "convex", "n": 15, "ratio_to_baseline": 0.6925963215676009, "runtime_seconds": 0.06430812500184402, "error": null}
{"seed": 3555, "kind": "square", "n": 20, "ratio_to_baseline": 0.03444705566742436, "runtime_seconds": 0.15444308400037698, "error": null}
{"seed": 3556, "kind": "triangle", "n": 14, "ratio_to_baseline": 0.7024298551014713, "runtime_seconds": 0.026700624999648426, "error": null}
{"seed": 3556, "kind": "convex", "n": 15, "ratio_to_baseline": 0.675986866319793, "runtime_seconds": 0.16564104199642316, "error": null}
{"seed": 3556, "kind": "square", "n": 20, "ratio_to_baseline": 0.5256205338867321, "runtime_seconds": 0.04904637500294484, "error": null}
{"seed": 3557, "kind": "triangle", "n": 14, "ratio_to_baseline": 0.23007385768577998, "runtime_seconds": 0.024675584005308338, "error": null}
{"seed": 3557, "kind": "convex", "n": 15, "ratio_to_baseline": 0.7692680266827892, "runtime_seconds": 0.6385486669969396, "error": null}
{"seed": 3557, "kind": "square", "n": 20, "ratio_to_baseline": 0.1039559670249202, "runtime_seconds": 0.2898767090009642, "error": null}
{"seed": 3558, "kind": "triangle", "n": 14, "ratio_to_baseline": 0.754653637083112, "runtime_seconds": 0.027634124999167398, "error": null}
{"seed": 3558, "kind": "convex", "n": 15, "ratio_to_baseline": 0.9999999999998884, "runtime_seconds": 0.029324667004402727, "error": null}
{"seed": 3558, "kind": "square", "n": 20, "ratio_to_baseline": 0.03430833055998342, "runtime_seconds": 0.046196499999496154, "error": null}
{"seed": 3559, "kind": "triangle", "n": 14, "ratio_to_baseline": 0.1329109618414407, "runtime_seconds": 0.04060962500079768, "error": null}
{"seed": 3559, "kind": "convex", "n": 15, "ratio_to_baseline": 0.6692183482512247, "runtime_seconds": 0.15163616599602392, "error": null}
{"seed": 3559, "kind": "square", "n": 20, "ratio_to_baseline": 0.32765616680015386, "runtime_seconds": 0.2197219169975142, "error": null}
{"seed": 3560, "kind": "triangle", "n": 14, "ratio_to_baseline": 0.09088211425864562, "runtime_seconds": 0.2756384579988662, "error": null}
{"seed": 3560, "kind": "convex", "n": 15, "ratio_to_baseline": 0.8359644288643476, "runtime_seconds": 0.26937912499852246, "error": null}
{"seed": 3560, "kind": "square", "n": 20, "ratio_to_baseline": 0.6333082718689499, "runtime_seconds": 0.07541887499974109, "error": null}
{"seed": 3561, "kind": "triangle", "n": 14, "ratio_to_baseline": 0.2158392227017044, "runtime_seconds": 0.12143920800008345, "error": null}
{"seed": 3561, "kind": "convex", "n": 15, "ratio_to_baseline": 0.7672734181369757, "runtime_seconds": 0.20160408400261076, "error": null}
{"seed": 3561, "kind": "square", "n": 20, "ratio_to_baseline": 0.3409539246040052, "runtime_seconds": 0.14569024999946123, "error": null}
{"seed": 3562, "kind": "triangle", "n": 14, "ratio_to_baseline": 0.611086661450987, "runtime_seconds": 0.05238604199985275, "error": null}
{"seed": 3562, "kind": "convex", "n": 15, "ratio_to_baseline": 0.3224866576695573, "runtime_seconds": 0.06407416699948953, "error": null}
{"seed": 3562, "kind": "square", "n": 20, "ratio_to_baseline": 0.13038461185133868, "runtime_seconds": 0.09287274999951478, "error": null}
{"seed": 3563, "kind": "triangle", "n": 14, "ratio_to_baseline": 0.4062232454488683, "runtime_seconds": 0.03516841700184159, "error": null}
{"seed": 3563, "kind": "convex", "n": 15, "ratio_to_baseline": 0.7969155064392008, "runtime_seconds": 0.04228475000127219, "error": null}
{"seed": 3563, "kind": "square", "n": 20, "ratio_to_baseline": 0.0497360804772693, "runtime_seconds": 0.06312387499929173, "error": null}
{"seed": 3564, "kind": "triangle", "n": 14, "ratio_to_baseline": 0.07592805844899295, "runtime_seconds": 0.06067929200071376, "error": null}
{"seed": 3564, "kind": "convex", "n": 15, "ratio_to_baseline": 0.6630252565306004, "runtime_seconds": 0.1108720420015743, "error": null}
{"seed": 3564, "kind": "square", "n": 20, "ratio_to_baseline": 0.35314402120985267, "runtime_seconds": 0.16893775000062305, "error": null}
{"seed": 3565, "kind": "triangle", "n": 14, "ratio_to_baseline": 0.07314515380483219, "runtime_seconds": 0.03821841600438347, "error": null}
{"seed": 3565, "kind": "convex", "n": 15, "ratio_to_baseline": 0.6612375107803411, "runtime_seconds": 0.11513291600567754, "error": null}
{"seed": 3565, "kind": "square", "n": 20, "ratio_to_baseline": 0.10744849960849663, "runtime_seconds": 0.1834690830000909, "error": null}
{"seed": 3566, "kind": "triangle", "n": 14, "ratio_to_baseline": 0.12903231092424342, "runtime_seconds": 0.07472550000238698, "error": null}
{"seed": 3566, "kind": "convex", "n": 15, "ratio_to_baseline": 0.6545923813795573, "runtime_seconds": 0.15938854200066999, "error": null}
{"seed": 3566, "kind": "square", "n": 20, "ratio_to_baseline": 0.09358621522852212, "runtime_seconds": 0.23082787499879487, "error": null}
{"seed": 3567, "kind": "triangle", "n": 14, "ratio_to_baseline": 0.8442943121918588, "runtime_seconds": 0.04961991600430338, "error": null}
{"seed": 3567, "kind": "convex", "n": 15, "ratio_to_baseline": 0.4491866018620875, "runtime_seconds": 0.09286012499796925, "error": null}
{"seed": 3567, "kind": "square", "n": 20, "ratio_to_baseline": 0.11121395410415659, "runtime_seconds": 0.06194220799807226, "error": null}
{"seed": 3568, "kind": "triangle", "n": 14, "ratio_to_baseline": 0.14778313743631236, "runtime_seconds": 0.40414908299862873, "error": null}
{"seed": 3568, "kind": "convex", "n": 15, "ratio_to_baseline": 0.9999999999998884, "runtime_seconds": 0.013474332998157479, "error": null}
{"seed": 3568, "kind": "square", "n": 20, "ratio_to_baseline": 0.30932396187559713, "runtime_seconds": 0.0846594999966328, "error": null}
{"seed": 3569, "kind": "triangle", "n": 14, "ratio_to_baseline": 0.657163033119491, "runtime_seconds": 0.03754283400485292, "error": null}
{"seed": 3569, "kind": "convex", "n": 15, "ratio_to_baseline": 0.4813269271787349, "runtime_seconds": 0.056829832996299956, "error": null}
{"seed": 3569, "kind": "square", "n": 20, "ratio_to_baseline": 0.11627954783998952, "runtime_seconds": 0.23935945799894398, "error": null}
{"seed": 3570, "kind": "triangle", "n": 14, "ratio_to_baseline": 0.47954549547531305, "runtime_seconds": 0.027087832997494843, "error": null}
{"seed": 3570, "kind": "convex", "n": 15, "ratio_to_baseline": 0.9999999999998884, "runtime_seconds": 0.01332991600065725, "error": null}
{"seed": 3570, "kind": "square", "n": 20, "ratio_to_baseline": 0.11539675348063108, "runtime_seconds": 0.06440437499986729, "error": null}
{"seed": 3571, "kind": "triangle", "n": 14, "ratio_to_baseline": 0.8300297254106023, "runtime_seconds": 0.09500604200002272, "error": null}
{"seed": 3571, "kind": "convex", "n": 15, "ratio_to_baseline": 0.4491866077031339, "runtime_seconds": 0.07526058299845317, "error": null}
{"seed": 3571, "kind": "square", "n": 20, "ratio_to_baseline": 0.21506398069250046, "runtime_seconds": 0.04149383299954934, "error": null}
{"seed": 3572, "kind": "triangle", "n": 14, "ratio_to_baseline": 0.777492280597177, "runtime_seconds": 0.020437583996681497, "error": null}
{"seed": 3572, "kind": "convex", "n": 15, "ratio_to_baseline": 0.9999999999998884, "runtime_seconds": 0.030641040997579694, "error": null}
{"seed": 3572, "kind": "square", "n": 20, "ratio_to_baseline": 0.2560242629935357, "runtime_seconds": 0.11310291699919617, "error": null}
{"seed": 3573, "kind": "triangle", "n": 14, "ratio_to_baseline": 4.204580167633051e-09, "runtime_seconds": 0.04473324999707984, "error": null}
{"seed": 3573, "kind": "convex", "n": 15, "ratio_to_baseline": 0.691271365599787, "runtime_seconds": 0.0934940830047708, "error": null}
{"seed": 3573, "kind": "square", "n": 20, "ratio_to_baseline": 0.9644730412121346, "runtime_seconds": 0.29936150000139605, "error": null}
{"seed": 3574, "kind": "triangle", "n": 14, "ratio_to_baseline": 0.3080651122127441, "runtime_seconds": 0.0897910830026376, "error": null}
{"seed": 3574, "kind": "convex", "n": 15, "ratio_to_baseline": 0.8818761730474114, "runtime_seconds": 0.11641337499895599, "error": null}
{"seed": 3574, "kind": "square", "n": 20, "ratio_to_baseline": 0.5267761933421076, "runtime_seconds": 0.39823999999498483, "error": null}
{"seed": 3575, "kind": "triangle", "n": 14, "ratio_to_baseline": 0.03682791709197603, "runtime_seconds": 0.18604995799978497, "error": null}
{"seed": 3575, "kind": "convex", "n": 15, "ratio_to_baseline": 0.8818781009744888, "runtime_seconds": 0.06777958300517639, "error": null}
{"seed": 3575, "kind": "square", "n": 20, "ratio_to_baseline": 0.11152850850487248, "runtime_seconds": 0.2474637079940294, "error": null}
{"seed": 3576, "kind": "triangle", "n": 14, "ratio_to_baseline": 0.5853901482200041, "runtime_seconds": 0.0524264170016977, "error": null}
{"seed": 3576, "kind": "convex", "n": 15, "ratio_to_baseline": 0.6545924045050033, "runtime_seconds": 0.13320287500391714, "error": null}
{"seed": 3576, "kind": "square", "n": 20, "ratio_to_baseline": 0.5927581752746286, "runtime_seconds": 0.05623591600306099, "error": null}
{"seed": 3577, "kind": "triangle", "n": 14, "ratio_to_baseline": 0.5805894068317207, "runtime_seconds": 0.019410625005548354, "error": null}
{"seed": 3577, "kind": "convex", "n": 15, "ratio_to_baseline": 0.14506862196145523, "runtime_seconds": 0.13740870799665572, "error": null}
{"seed": 3577, "kind": "square", "n": 20, "ratio_to_baseline": 0.6266682358729376, "runtime_seconds": 0.053780833004566375, "error": null}
{"seed": 3578, "kind": "triangle", "n": 14, "ratio_to_baseline": 0.13378750745221513, "runtime_seconds": 0.06373149999853922, "error": null}
{"seed": 3578, "kind": "convex", "n": 15, "ratio_to_baseline": 0.8518453850469545, "runtime_seconds": 0.018560709002485964, "error": null}
{"seed": 3578, "kind": "square", "n": 20, "ratio_to_baseline": 0.5332997311996325, "runtime_seconds": 0.15004849999968428, "error": null}
{"seed": 3579, "kind": "triangle", "n": 14, "ratio_to_baseline": 0.8300297695508733, "runtime_seconds": 0.06169058399973437, "error": null}
{"seed": 3579, "kind": "convex", "n": 15, "ratio_to_baseline": 0.6611813097954673, "runtime_seconds": 0.09254341699852375, "error": null}
{"seed": 3579, "kind": "square", "n": 20, "ratio_to_baseline": 0.5392814936599711, "runtime_seconds": 0.1882804579945514, "error": null}
{"seed": 3580, "kind": "triangle", "n": 14, "ratio_to_baseline": 0.03888086540711958, "runtime_seconds": 0.0661135420014034, "error": null}
{"seed": 3580, "kind": "convex", "n": 15, "ratio_to_baseline": 0.9999999999998884, "runtime_seconds": 0.01410237500385847, "error": null}
{"seed": 3580, "kind": "square", "n": 20, "ratio_to_baseline": 0.2792705864305641, "runtime_seconds": 0.04165020799700869, "error": null}
{"seed": 3581, "kind": "triangle", "n": 14, "ratio_to_baseline": 0.6441329902839796, "runtime_seconds": 0.02944112499972107, "error": null}
{"seed": 3581, "kind": "convex", "n": 15, "ratio_to_baseline": 0.714715081492897, "runtime_seconds": 0.08826341699750628, "error": null}
{"seed": 3581, "kind": "square", "n": 20, "ratio_to_baseline": 0.9564443449676645, "runtime_seconds": 0.06174229099997319, "error": null}
{"seed": 3582, "kind": "triangle", "n": 14, "ratio_to_baseline": 0.06713197885531931, "runtime_seconds": 0.013649000000441447, "error": null}
{"seed": 3582, "kind": "convex", "n": 15, "ratio_to_baseline": 0.5997995979920328, "runtime_seconds": 0.027904999995371327, "error": null}
{"seed": 3582, "kind": "square", "n": 20, "ratio_to_baseline": 0.2560241536721184, "runtime_seconds": 0.03416254100011429, "error": null}
{"seed": 3583, "kind": "triangle", "n": 14, "ratio_to_baseline": 0.4014624893471085, "runtime_seconds": 0.018189750000601634, "error": null}
{"seed": 3583, "kind": "convex", "n": 15, "ratio_to_baseline": 0.7692773397758557, "runtime_seconds": 0.48487904100329615, "error": null}
{"seed": 3583, "kind": "square", "n": 20, "ratio_to_baseline": 0.5265142098536375, "runtime_seconds": 0.12367975000233855, "error": null}
{"seed": 3584, "kind": "triangle", "n": 14, "ratio_to_baseline": 0.6441308071769448, "runtime_seconds": 0.03646366600150941, "error": null}
{"seed": 3584, "kind": "convex", "n": 15, "ratio_to_baseline": 0.692596325815424, "runtime_seconds": 0.04999683299683966, "error": null}
{"seed": 3584, "kind": "square", "n": 20, "ratio_to_baseline": 0.09082386484691697, "runtime_seconds": 0.10045541699946625, "error": null}
{"seed": 3585, "kind": "triangle", "n": 14, "ratio_to_baseline": 0.517884553584261, "runtime_seconds": 0.027306916999805253, "error": null}
{"seed": 3585, "kind": "convex", "n": 15, "ratio_to_baseline": 0.6868327858461615, "runtime_seconds": 0.03236379200097872, "error": null}
{"seed": 3585, "kind": "square", "n": 20, "ratio_to_baseline": 0.6305523861093036, "runtime_seconds": 0.04601787499996135, "error": null}
{"seed": 3586, "kind": "triangle", "n": 14, "ratio_to_baseline": 0.399041644397564, "runtime_seconds": 0.016876250003406312, "error": null}
{"seed": 3586, "kind": "convex", "n": 15, "ratio_to_baseline": 0.7147058925409435, "runtime_seconds": 0.038031124997360166, "error": null}
{"seed": 3586, "kind": "square", "n": 20, "ratio_to_baseline": 0.5051815682367191, "runtime_seconds": 0.09037266700033797, "error": null}
{"seed": 3587, "kind": "triangle", "n": 14, "ratio_to_baseline": 0.6841380361104431, "runtime_seconds": 0.02663595800549956, "error": null}
{"seed": 3587, "kind": "convex", "n": 15, "ratio_to_baseline": 0.9999999999998884, "runtime_seconds": 0.014928417003829964, "error": null}
{"seed": 3587, "kind": "square", "n": 20, "ratio_to_baseline": 0.3435003788945438, "runtime_seconds": 0.16732266700273613, "error": null}
{"seed": 3588, "kind": "triangle", "n": 14, "ratio_to_baseline": 0.8119898550474358, "runtime_seconds": 0.03272679200017592, "error": null}
{"seed": 3588, "kind": "convex", "n": 15, "ratio_to_baseline": 0.8222998140101767, "runtime_seconds": 0.04998712500673719, "error": null}
{"seed": 3588, "kind": "square", "n": 20, "ratio_to_baseline": 0.3001832508324949, "runtime_seconds": 0.11480620899965288, "error": null}
{"seed": 3589, "kind": "triangle", "n": 14, "ratio_to_baseline": 0.4795454772416264, "runtime_seconds": 0.027857208995555993, "error": null}
{"seed": 3589, "kind": "convex", "n": 15, "ratio_to_baseline": 0.7400065923594487, "runtime_seconds": 0.07045395800378174, "error": null}
{"seed": 3589, "kind": "square", "n": 20, "ratio_to_baseline": 0.4829619837259456, "runtime_seconds": 0.08996583399857627, "error": null}
{"seed": 3590, "kind": "triangle", "n": 14, "ratio_to_baseline": 0.7225667209894393, "runtime_seconds": 0.04481104200385744, "error": null}
{"seed": 3590, "kind": "convex", "n": 15, "ratio_to_baseline": 0.22787321438922825, "runtime_seconds": 0.07140350000554463, "error": null}
{"seed": 3590, "kind": "square", "n": 20, "ratio_to_baseline": 0.6039076756060507, "runtime_seconds": 0.2868767499967362, "error": null}
{"seed": 3591, "kind": "triangle", "n": 14, "ratio_to_baseline": 0.2599514230465563, "runtime_seconds": 0.03072358300414635, "error": null}
{"seed": 3591, "kind": "convex", "n": 15, "ratio_to_baseline": 0.9999999999998884, "runtime_seconds": 0.015270374999090564, "error": null}
{"seed": 3591, "kind": "square", "n": 20, "ratio_to_baseline": 0.9607943911154823, "runtime_seconds": 0.09905474999686703, "error": null}
{"seed": 3592, "kind": "triangle", "n": 14, "ratio_to_baseline": 0.6831259378055059, "runtime_seconds": 0.028598375000001397, "error": null}
{"seed": 3592, "kind": "convex", "n": 15, "ratio_to_baseline": 0.3944166710248098, "runtime_seconds": 0.08623566700407537, "error": null}
{"seed": 3592, "kind": "square", "n": 20, "ratio_to_baseline": 0.5464759920397776, "runtime_seconds": 0.06145950000063749, "error": null}
{"seed": 3593, "kind": "triangle", "n": 14, "ratio_to_baseline": 0.12703833612011178, "runtime_seconds": 0.026185624999925494, "error": null}
{"seed": 3593, "kind": "convex", "n": 15, "ratio_to_baseline": 0.6782991517221967, "runtime_seconds": 0.12500979199830908, "error": null}
{"seed": 3593, "kind": "square", "n": 20, "ratio_to_baseline": 0.41542848032561924, "runtime_seconds": 0.0714230830053566, "error": null}
{"seed": 3594, "kind": "triangle", "n": 14, "ratio_to_baseline": 0.4984895890114609, "runtime_seconds": 0.05195549999916693, "error": null}
{"seed": 3594, "kind": "convex", "n": 15, "ratio_to_baseline": 0.7692780943799792, "runtime_seconds": 0.4608084589999635, "error": null}
{"seed": 3594, "kind": "square", "n": 20, "ratio_to_baseline": 0.732372870021247, "runtime_seconds": 0.22101499999553198, "error": null}
{"seed": 3595, "kind": "triangle", "n": 14, "ratio_to_baseline": 0.8947163793971891, "runtime_seconds": 0.04154391700285487, "error": null}
{"seed": 3595, "kind": "convex", "n": 15, "ratio_to_baseline": 0.21390241643340643, "runtime_seconds": 0.08962808300566394, "error": null}
{"seed": 3595, "kind": "square", "n": 20, "ratio_to_baseline": 0.08821895154811424, "runtime_seconds": 0.05749054199986858, "error": null}
{"seed": 3596, "kind": "triangle", "n": 14, "ratio_to_baseline": 0.39656359086625975, "runtime_seconds": 0.01699820800422458, "error": null}
{"seed": 3596, "kind": "convex", "n": 15, "ratio_to_baseline": 0.7055377113492832, "runtime_seconds": 0.06349733299430227, "error": null}
{"seed": 3596, "kind": "square", "n": 20, "ratio_to_baseline": 0.11507934041797555, "runtime_seconds": 0.11692258399853017, "error": null}
{"seed": 3597, "kind": "triangle", "n": 14, "ratio_to_baseline": 0.06145430748189097, "runtime_seconds": 0.013096875001792796, "error": null}
{"seed": 3597, "kind": "convex", "n": 15, "ratio_to_baseline": 0.782705652615117, "runtime_seconds": 0.05587754100270104, "error": null}
{"seed": 3597, "kind": "square", "n": 20, "ratio_to_baseline": 0.23205081660964724, "runtime_seconds": 0.06789258299977519, "error": null}
{"seed": 3598, "kind": "triangle", "n": 14, "ratio_to_baseline": 0.04803139898310744, "runtime_seconds": 0.02212975000293227, "error": null}
{"seed": 3598, "kind": "convex", "n": 15, "ratio_to_baseline": 0.9999999999998884, "runtime_seconds": 0.013383040997723583, "error": null}
{"seed": 3598, "kind": "square", "n": 20, "ratio_to_baseline": 0.348671272923729, "runtime_seconds": 0.10610279200045625, "error": null}
{"seed": 3599, "kind": "triangle", "n": 14, "ratio_to_baseline": 0.722567100382337, "runtime_seconds": 0.05247654199774843, "error": null}
{"seed": 3599, "kind": "convex", "n": 15, "ratio_to_baseline": 0.147296627906653, "runtime_seconds": 0.07358399999793619, "error": null}
{"seed": 3599, "kind": "square", "n": 20, "ratio_to_baseline": 0.3118587691788809, "runtime_seconds": 0.05441345899453154, "error": null}
{"seed": 3600, "kind": "triangle", "n": 14, "ratio_to_baseline": 0.6110865997378117, "runtime_seconds": 0.02747970799828181, "error": null}
{"seed": 3600, "kind": "convex", "n": 15, "ratio_to_baseline": 0.6868327689115342, "runtime_seconds": 0.03103166600340046, "error": null}
{"seed": 3600, "kind": "square", "n": 20, "ratio_to_baseline": 0.15074992524080222, "runtime_seconds": 0.14062587499938672, "error": null}
{"seed": 3601, "kind": "triangle", "n": 14, "ratio_to_baseline": 0.6110864864439287, "runtime_seconds": 0.02539154200349003, "error": null}
{"seed": 3601, "kind": "convex", "n": 15, "ratio_to_baseline": 0.6942964461058013, "runtime_seconds": 0.08703404199331999, "error": null}
{"seed": 3601, "kind": "square", "n": 20, "ratio_to_baseline": 0.5769696577156814, "runtime_seconds": 0.12710479199449765, "error": null}
{"seed": 3602, "kind": "triangle", "n": 14, "ratio_to_baseline": 0.1637263383094874, "runtime_seconds": 0.029164874998969026, "error": null}
{"seed": 3602, "kind": "convex", "n": 15, "ratio_to_baseline": 0.9999999999998884, "runtime_seconds": 0.012776334006048273, "error": null}
{"seed": 3602, "kind": "square", "n": 20, "ratio_to_baseline": 0.5541481013804304, "runtime_seconds": 0.09064729200326838, "error": null}
{"seed": 3603, "kind": "triangle", "n": 14, "ratio_to_baseline": 0.06280944412959752, "runtime_seconds": 0.02512100000603823, "error": null}
{"seed": 3603, "kind": "convex", "n": 15, "ratio_to_baseline": 0.6378727504040922, "runtime_seconds": 0.07420716699562036, "error": null}
{"seed": 3603, "kind": "square", "n": 20, "ratio_to_baseline": 0.5336043331054248, "runtime_seconds": 0.03527191600005608, "error": null}
{"seed": 3604, "kind": "triangle", "n": 14, "ratio_to_baseline": 0.754653527526383, "runtime_seconds": 0.01424662499630358, "error": null}
{"seed": 3604, "kind": "convex", "n": 15, "ratio_to_baseline": 0.6691980907432025, "runtime_seconds": 0.07558241600054316, "error": null}
{"seed": 3604, "kind": "square", "n": 20, "ratio_to_baseline": 0.4705535591204885, "runtime_seconds": 0.03452275000017835, "error": null}
{"seed": 3605, "kind": "triangle", "n": 14, "ratio_to_baseline": 0.09212560344909278, "runtime_seconds": 0.025660083003458567, "error": null}
{"seed": 3605, "kind": "convex", "n": 15, "ratio_to_baseline": 0.8390400601119834, "runtime_seconds": 0.02660920899506891, "error": null}
{"seed": 3605, "kind": "square", "n": 20, "ratio_to_baseline": 0.14473521550722593, "runtime_seconds": 0.053828582997084595, "error": null}
{"seed": 3606, "kind": "triangle", "n": 14, "ratio_to_baseline": 0.03010362652691283, "runtime_seconds": 0.024189583004044835, "error": null}
{"seed": 3606, "kind": "convex", "n": 15, "ratio_to_baseline": 0.6613210374774433, "runtime_seconds": 0.09039729100186378, "error": null}
{"seed": 3606, "kind": "square", "n": 20, "ratio_to_baseline": 0.5175875415565157, "runtime_seconds": 0.04356654200091725, "error": null}
{"seed": 3607, "kind": "triangle", "n": 14, "ratio_to_baseline": 0.6747141871678966, "runtime_seconds": 0.030572750001738314, "error": null}
{"seed": 3607, "kind": "convex", "n": 15, "ratio_to_baseline": 0.7147407665106927, "runtime_seconds": 0.029193207999924198, "error": null}
{"seed": 3607, "kind": "square", "n": 20, "ratio_to_baseline": 0.6301459229385795, "runtime_seconds": 0.04700916600268101, "error": null}
{"seed": 3608, "kind": "triangle", "n": 14, "ratio_to_baseline": 0.6831264889618118, "runtime_seconds": 0.029412709001917392, "error": null}
{"seed": 3608, "kind": "convex", "n": 15, "ratio_to_baseline": 0.9999999999998884, "runtime_seconds": 0.014688625000417233, "error": null}
{"seed": 3608, "kind": "square", "n": 20, "ratio_to_baseline": 0.40624321249412837, "runtime_seconds": 0.05917350000527222, "error": null}
{"seed": 3609, "kind": "triangle", "n": 14, "ratio_to_baseline": 0.09850062300328379, "runtime_seconds": 0.07615904200065415, "error": null}
{"seed": 3609, "kind": "convex", "n": 15, "ratio_to_baseline": 0.19896632718230342, "runtime_seconds": 0.10094450000178767, "error": null}
{"seed": 3609, "kind": "square", "n": 20, "ratio_to_baseline": 0.6868700647395739, "runtime_seconds": 0.0691778330001398, "error": null}
{"seed": 3610, "kind": "triangle", "n": 14, "ratio_to_baseline": 0.08485077535370959, "runtime_seconds": 0.06091000000014901, "error": null}
{"seed": 3610, "kind": "convex", "n": 15, "ratio_to_baseline": 0.5997995740924146, "runtime_seconds": 0.027808999999251682, "error": null}
{"seed": 3610, "kind": "square", "n": 20, "ratio_to_baseline": 0.13364605793250842, "runtime_seconds": 0.1418163329944946, "error": null}
{"seed": 3611, "kind": "triangle", "n": 14, "ratio_to_baseline": 0.6571629352020528, "runtime_seconds": 0.013705167002626695, "error": null}
{"seed": 3611, "kind": "convex", "n": 15, "ratio_to_baseline": 0.17331216313146947, "runtime_seconds": 0.04437429200334009, "error": null}
{"seed": 3611, "kind": "square", "n": 20, "ratio_to_baseline": 0.19573481736405543, "runtime_seconds": 0.1969273750000866, "error": null}
{"seed": 3612, "kind": "triangle", "n": 14, "ratio_to_baseline": 0.6571631955362416, "runtime_seconds": 0.012783500002115034, "error": null}
{"seed": 3612, "kind": "convex", "n": 15, "ratio_to_baseline": 0.6912755307373086, "runtime_seconds": 0.07709241699922131, "error": null}
{"seed": 3612, "kind": "square", "n": 20, "ratio_to_baseline": 0.032121509846258126, "runtime_seconds": 0.06817250000312924, "error": null}
{"seed": 3613, "kind": "triangle", "n": 14, "ratio_to_baseline": 0.6177266589307033, "runtime_seconds": 0.02308404199720826, "error": null}
{"seed": 3613, "kind": "convex", "n": 15, "ratio_to_baseline": 0.7400066157205633, "runtime_seconds": 0.06186137499753386, "error": null}
{"seed": 3613, "kind": "square", "n": 20, "ratio_to_baseline": 0.5464759132621673, "runtime_seconds": 0.03529708299902268, "error": null}
{"seed": 3614, "kind": "triangle", "n": 14, "ratio_to_baseline": 0.6110866024625081, "runtime_seconds": 0.027246416997513734, "error": null}
{"seed": 3614, "kind": "convex", "n": 15, "ratio_to_baseline": 0.7692919505117775, "runtime_seconds": 0.49341687499691034, "error": null}
{"seed": 3614, "kind": "square", "n": 20, "ratio_to_baseline": 0.025460007340145946, "runtime_seconds": 0.03328279100242071, "error": null}
{"seed": 3615, "kind": "triangle", "n": 14, "ratio_to_baseline": 0.13049927885011364, "runtime_seconds": 0.03628454200224951, "error": null}
{"seed": 3615, "kind": "convex", "n": 15, "ratio_to_baseline": 0.9999999999998884, "runtime_seconds": 0.013600415994005743, "error": null}
{"seed": 3615, "kind": "square", "n": 20, "ratio_to_baseline": 0.5165969537535513, "runtime_seconds": 0.10101137500168988, "error": null}
{"seed": 3616, "kind": "triangle", "n": 14, "ratio_to_baseline": null, "runtime_seconds": 0.005039124996983446, "error": null}
{"seed": 3616, "kind": "convex", "n": 15, "ratio_to_baseline": 0.295694951435694, "runtime_seconds": 0.07811837499320973, "error": null}
{"seed": 3616, "kind": "square", "n": 20, "ratio_to_baseline": 0.19787027424641757, "runtime_seconds": 0.31384854199859546, "error": null}
{"seed": 3617, "kind": "triangle", "n": 14, "ratio_to_baseline": 0.3965635702936362, "runtime_seconds": 0.021843249996891245, "error": null}
{"seed": 3617, "kind": "convex", "n": 15, "ratio_to_baseline": 0.7827054600210449, "runtime_seconds": 0.05941083400102798, "error": null}
{"seed": 3617, "kind": "square", "n": 20, "ratio_to_baseline": 0.588647339938154, "runtime_seconds": 0.12066912499722093, "error": null}
{"seed": 3618, "kind": "triangle", "n": 14, "ratio_to_baseline": 0.3965635997372386, "runtime_seconds": 0.021387834000051953, "error": null}
{"seed": 3618, "kind": "convex", "n": 15, "ratio_to_baseline": 0.6925964046396011, "runtime_seconds": 0.04788433400244685, "error": null}
{"seed": 3618, "kind": "square", "n": 20, "ratio_to_baseline": 0.07971207993718635, "runtime_seconds": 0.07796787499682978, "error": null}
{"seed": 3619, "kind": "triangle", "n": 14, "ratio_to_baseline": 5.555095807949759e-10, "runtime_seconds": 0.014348042001074646, "error": null}
{"seed": 3619, "kind": "convex", "n": 15, "ratio_to_baseline": 0.7904256522989793, "runtime_seconds": 0.05426887499925215, "error": null}
{"seed": 3619, "kind": "square", "n": 20, "ratio_to_baseline": 0.2792706950497141, "runtime_seconds": 0.03994108299957588, "error": null}
