{
  "generated_utc": "2026-10-04T04:53:51.740261+00:00",
  "completed_jobs": 4094,
  "measured_job_seconds": 1562.3539702732014,
  "files": {
    "experiments.jsonl": {
      "completed": 1684,
      "sha256": "423dbea51cc0ec6e4cd0e60d8dfab5d43c41dd03795a1787e0ffa9187643709c",
      "measured_job_seconds": 806.0765726632744
    },
    "facet_experiments.jsonl": {
      "completed": 460,
      "sha256": "7880dd3491bd6684542e79609e810f8125c8c8f28a45a95401907e27c2c803da",
      "measured_job_seconds": 67.0750047550464
    },
    "forced_facet_experiments.jsonl": {
      "completed": 1800,
      "sha256": "44a6f34db2cc341dc9b286e07ec64bed92dd6308bbd9d30b09491619e7ceaa25",
      "measured_job_seconds": 643.1225798509695
    },
    "recovery_experiments.jsonl": {
      "completed": 150,
      "sha256": "f9daff5f609215f4b7db1c433d75c947bd0c5d5aed4eacdff7e9cb2762b97de3",
      "measured_job_seconds": 46.07981300391111
    }
  },
  "methods": {
    "active_facet_surgery": {
      "completed": 460,
      "exact_valid": 460,
      "exact_improvements": 0,
      "measured_job_seconds": 67.0750047550464
    },
    "block_contact_program_axis": {
      "completed": 357,
      "exact_valid": 356,
      "exact_improvements": 0,
      "measured_job_seconds": 170.45862437009055
    },
    "forced_single_facet": {
      "completed": 1800,
      "exact_valid": 1755,
      "exact_improvements": 0,
      "measured_job_seconds": 643.1225798509695
    },
    "joint_recovery_of_forced_order_cell": {
      "completed": 150,
      "exact_valid": 150,
      "exact_improvements": 0,
      "measured_job_seconds": 46.07981300391111
    },
    "permutation_contact_program_axis": {
      "completed": 847,
      "exact_valid": 842,
      "exact_improvements": 0,
      "measured_job_seconds": 413.9241519600764
    },
    "reflection_contact_program_SLP": {
      "completed": 480,
      "exact_valid": 480,
      "exact_improvements": 0,
      "measured_job_seconds": 221.69379633310746
    }
  },
  "best": {
    "convex18": {
      "candidate": "candidates/wave2_area/convex18_permutation_3123.json",
      "seed": 3123,
      "method": "permutation_contact_program_axis",
      "value": "23015035691547718637369883055/1261865650670469241681698375299",
      "baseline": "5211112989568819048894923327/285714285714285625167971022578",
      "exact_ratio": "6575724483299346131057638921589273640119632396168624615790/6575724483299592043300028489192517361988676480385075699773",
      "ratio_illustrative": 0.9999999999999626,
      "improved": false
    },
    "convex20": {
      "candidate": "candidates/wave2_area/convex20_facet_3322.json",
      "seed": 3322,
      "method": "forced_single_facet",
      "value": "20447527721800951786560253044/1413664123154965451218022559275",
      "baseline": "21088800533737373296472445270063302450862488977271864687151/1457999280916009621090719952891255958728145311066985841962152",
      "exact_ratio": "9937493571631986709602814883293523742481210976214558039554279235857165698222556863596896/9937493571638603741279608456406051303614471127932026070158956940783205955548386076125175",
      "ratio_illustrative": 0.9999999999993341,
      "improved": false
    },
    "convex23": {
      "candidate": "candidates/wave2_area/convex23_facet_3328.json",
      "seed": 3328,
      "method": "forced_single_facet",
      "value": "22893853017969031941963796868/2065768863065788147550382434153",
      "baseline": "26153202953805630921167008584320/2359868052310782033490094225303751",
      "exact_ratio": "13506618082850974650138907201608945617673544017370833140612967/13506618082852967621464219128856104840421331972778872037070240",
      "ratio_illustrative": 0.9999999999998525,
      "improved": false
    },
    "convex25": {
      "candidate": "candidates/wave2_area/convex25_facet_3320.json",
      "seed": 3320,
      "method": "forced_single_facet",
      "value": "12517704092351510177248759384/1343662697948492960822793058641",
      "baseline": "51714776781398635381460647654674/5551115123125782860501667323787841",
      "exact_ratio": "34743608246932984702231699468451053757110652497398124436924972/34743608246949085798225830802435941476346164082503011799869017",
      "ratio_illustrative": 0.9999999999995366,
      "improved": false
    },
    "convex31": {
      "candidate": "candidates/wave2_area/convex31_permutation_3171.json",
      "seed": 3171,
      "method": "permutation_contact_program_axis",
      "value": "8559257417569592135941288137/1356529970206154090602447802449",
      "baseline": "8412894277452775142553108161550364180150646962388873164/1333333333333333427614630537715660450859800029113455157171",
      "exact_ratio": "11412343223426123654899609950692683738368168418256135334282978785103540416611532780427/11412343223540537309647127584969519038512472755298145306104670261506634553021189578636",
      "ratio_illustrative": 0.9999999999899746,
      "improved": false
    },
    "convex33": {
      "candidate": "candidates/wave2_area/convex33_permutation_3127.json",
      "seed": 3127,
      "method": "permutation_contact_program_axis",
      "value": "6301545437290932985814271508/1151990619571686557798440024793",
      "baseline": "21880544269159577039517605096337419721090722774041378160/3999999999999999808988201212401580665720132204604981473721",
      "exact_ratio": "6301545437290932684896889228318853877156316712547795005084009230824853099025965260317/6301545437298714199881073886594369533119683007029803125271502333133320708719572180220",
      "ratio_illustrative": 0.9999999999987651,
      "improved": false
    },
    "triangle20": {
      "candidate": "candidates/wave2_area/triangle20_permutation_3122.json",
      "seed": 3122,
      "method": "permutation_contact_program_axis",
      "value": "6304695764318796241582631311/500000000000000000000000000000",
      "baseline": "1260939152864132260184640176979242720684369695865098486183/100000000000000000000000000000000000000000000000000000000000",
      "exact_ratio": "1260939152863759248316526262200000000000000000000000000000/1260939152864132260184640176979242720684369695865098486183",
      "ratio_illustrative": 0.9999999999997041,
      "improved": false
    },
    "triangle29": {
      "candidate": "candidates/wave2_area/triangle29_facet_3225.json",
      "seed": 3225,
      "method": "active_facet_surgery",
      "value": "6123683946921049630069947627/1000000000000000000000000000000",
      "baseline": "1224738236968863934625782449018962751131418306283642925039/200000000000000000000000000000000000000000000000000000000000",
      "exact_ratio": "1224736789384209926013989525400000000000000000000000000000/1224738236968863934625782449018962751131418306283642925039",
      "ratio_illustrative": 0.9999988180456768,
      "improved": false
    },
    "square21": {
      "candidate": "candidates/wave2_area/square21_permutation_3167.json",
      "seed": 3167,
      "method": "permutation_contact_program_axis",
      "value": "1434220098212379291268722239/125000000000000000000000000000",
      "baseline": "2294752157140242053669836635516189458587492220044771511017/200000000000000000000000000000000000000000000000000000000000",
      "exact_ratio": "2294752157139806866029955582400000000000000000000000000000/2294752157140242053669836635516189458587492220044771511017",
      "ratio_illustrative": 0.9999999999998104,
      "improved": false
    },
    "square23": {
      "candidate": "candidates/wave2_area/square23_permutation_3173.json",
      "seed": 3173,
      "method": "permutation_contact_program_axis",
      "value": "2439322428328310506825036251/250000000000000000000000000000",
      "baseline": "9757289713314772257160702006565780064097157565314178225873/1000000000000000000000000000000000000000000000000000000000000",
      "exact_ratio": "3252429904437747342433381668000000000000000000000000000000/3252429904438257419053567335521926688032385855104726075291",
      "ratio_illustrative": 0.9999999999998431,
      "improved": false
    },
    "square25": {
      "candidate": "candidates/wave2_area/square25_facet_3252.json",
      "seed": 3252,
      "method": "active_facet_surgery",
      "value": "16460130895898064561967451139/2000000000000000000000000000000",
      "baseline": "8230069426525093386004329216826442715814640981571961165261/1000000000000000000000000000000000000000000000000000000000000",
      "exact_ratio": "8230065447949032280983725569500000000000000000000000000000/8230069426525093386004329216826442715814640981571961165261",
      "ratio_illustrative": 0.9999995165804983,
      "improved": false
    },
    "square35": {
      "candidate": "candidates/wave2_area/square35_permutation_3160.json",
      "seed": 3160,
      "method": "permutation_contact_program_axis",
      "value": "8864574888611348479429485229/2000000000000000000000000000000",
      "baseline": "8864574888614648371747222645475997649898325939341745180153/2000000000000000000000000000000000000000000000000000000000000",
      "exact_ratio": "8864574888611348479429485229000000000000000000000000000000/8864574888614648371747222645475997649898325939341745180153",
      "ratio_illustrative": 0.9999999999996277,
      "improved": false
    },
    "triangle14": {
      "candidate": "candidates/wave2_area/triangle14_recovery_3518.json",
      "seed": 3518,
      "method": "joint_recovery_of_forced_order_cell",
      "value": "2279139954387123981617666113/100000000000000000000000000000",
      "baseline": "11887886553786386257916512167/500000000000000000000000000000",
      "exact_ratio": "11395699771935619908088330565/11887886553786386257916512167",
      "ratio_illustrative": 0.9585976212320094,
      "improved": false
    },
    "convex15": {
      "candidate": "candidates/wave2_area/convex15_facet_3435.json",
      "seed": 3435,
      "method": "forced_single_facet",
      "value": "12784413539288882463054239180/520452067874518264084354128557",
      "baseline": "49128111226460317685888607941/1999999999999999257563094398721",
      "exact_ratio": "25568827078577755434488050323266814731153857568272220088780/25568827078580607980604529632357295339074442803036885071137",
      "ratio_illustrative": 0.9999999999998884,
      "improved": false
    },
    "square20": {
      "candidate": "candidates/wave2_area/square20_recovery_3573.json",
      "seed": 3573,
      "method": "joint_recovery_of_forced_order_cell",
      "value": "12590271028640395407498108991/1000000000000000000000000000000",
      "baseline": "25876393429454035224229255641/2000000000000000000000000000000",
      "exact_ratio": "25180542057280790814996217982/25876393429454035224229255641",
      "ratio_illustrative": 0.9731086415087048,
      "improved": false
    }
  },
  "novelty": "none established",
  "scope": "search negative only; no global impossibility or optimality statement; interrupted jobs and unused preregistered seeds excluded"
}
