Z2 all lower 1 upper 1 (perm/none) h 1 perm 1 all passed True
Z3 all lower 2 upper 2 (perm/none) h 2 perm 2 all passed True
Z5 all lower 2 upper 2 (planar/none) h 2 perm 4 all passed True
Z6 all lower 2 upper 2 (planar/none) h 2 perm 5 all passed True
Z2^2 all lower 1 upper 1 (count/none) h 2 perm 2 all passed True
Z2^3 all lower 1 upper 1 (count/none) h 3 perm 3 all passed True
S3 transpositions lower 1 upper 1 (perm/none) h 1 perm 1 all passed True
S3 all lower 2 upper 2 (perm/none) h 2 perm 2 all passed True
D4 all lower 2 upper 2 (planar/none) h 2 perm 3 all passed True
D5 all lower 2 upper 2 (planar/none) h 2 perm 4 all passed True
Q8 all lower 2 upper 6 (perm/none) h 4 perm 6 all passed True
A4 all lower 2 upper 2 (perm/none) h 2 perm 2 all passed True
S4 transpositions lower 1 upper 1 (perm/none) h 1 perm 1 all passed True
S4 all lower 2 upper 2 (so3/none) h 2 perm 3 all passed True
S4 tn lower 2 upper 2 (so3/none) h 2 perm 3 all passed True
A5 c3c5 lower 2 upper 2 (so3/none) h 2 perm 4 all passed True
S5 tn lower 2 upper 4 (perm/none) h 4 perm 4 all passed True
A5 involutions lower 1 upper 1 (so3/involutions) h 2 perm 2 all passed True
A5 cycles3 lower 2 upper 2 (perm/none) h 2 perm 2 all passed True
A5 cycles5 lower 2 upper 2 (so3/none) h 2 perm 4 all passed True
A5 all lower 2 upper 2 (so3/none) h 2 perm 4 all passed True
S5 transpositions lower 1 upper 1 (perm/none) h 1 perm 1 all passed True
S5 all lower 2 upper 4 (perm/none) h 4 perm 4 all passed True
