66 jobs
04:15:30 hh3 Z3 all  done in 5067s
04:16:57 hh3 Z2 all  done in 5154s
04:17:45 hh3 Z2^3 all  done in 5203s
04:43:26 hh4 S3 transpositions  done in 6744s
04:44:07 hh4 Z2 all  done in 6785s
04:44:37 hh4 S3 all  done in 6815s
04:44:47 hh4 Z3 all  done in 6825s
04:44:59 hh4 Z2^3 all  done in 6837s
04:54:15 hh4 A5 all  done in 7393s
04:54:31 hh4 S5 all  done in 7409s
04:55:06 hh4 A5 involutions  done in 7443s
04:55:20 hh4 S5 all random done in 7457s
04:55:20 hh4 S5 transpositions  done in 7458s
05:16:00 hh2 Z2 all  done in 1872s
05:18:00 hh2 Z3 all  done in 1981s
05:23:17 hh3 S3 transpositions  done in 4067s
05:23:53 hh3 S3 all  done in 4016s
05:26:58 hh3 A5 involutions  done in 4152s
05:36:46 hh2 Z2^3 all  done in 2551s
05:37:19 hh2 S3 transpositions  done in 2567s
05:39:06 hh2 S3 all  done in 2640s
05:40:29 hh2 A5 involutions  done in 2709s
05:47:44 hh3 A5 all  done in 3858s
05:49:30 hh2 A5 all  done in 3250s
05:53:00 hh3 S5 transpositions  done in 4132s
05:54:23 hh3 S5 all  done in 4186s
06:09:10 hh2 S5 transpositions  done in 3190s
06:10:43 hh2 S5 all  done in 3163s
06:12:34 hh2 A5 all random done in 2957s
06:39:51 hh1 Z2 all  done in 1637s
06:45:12 diag_pos Z2 all  done in 2162s
07:02:08 diag_pm Z2 all  done in 3084s
