Selbsttest des Prüfers: bestanden
Runde 6: Wie verhält sich h*(A5, involutions) gegenüber h*(A5, all), wenn man nur die Involutionen als Alphabet zulässt, und ist der Wert 1 (eine Reflektion pro Token) dort möglich?
  geprüft (computed_rigorous): 2 | Red-Team: 2 Gegenprüfungen, 1 bestanden
Runde 7: For S4 with alphabet 'all', the permutation representation needs rank(P(s) - I) = 3 for 4-cycles. Is the true h*(S4, all) smaller? Certify.
  geprüft (computed_rigorous): ja, h*(S4, all) = 2 | Red-Team: 2 Gegenprüfungen, 0 bestanden
Runde 8: Welche Gruppen mit Involutionen als Alphabet (z. B. S4, D4, Z2^2 oder Q8 mit geeignetem Twist) besitzen h*(G, involutions) = 1, und lässt sich das Muster an den Konjugationsklassen der Involutionen ablesen, etwa über die Codimension des Fixraums per real_irreps?
  geprüft (computed_rigorous): Z2^2 | Red-Team: 2 Gegenprüfungen, 1 bestanden
Runde 9: For S5 with alphabet 'all', what are the best certified lower and upper bounds on h*(S5, all), and what is h(S5, all) over faithful representations?
  geprüft (computed_rigorous): h*(S5,all): untere Schranke ≥ 2, obere Schranke ≤ 4; h(S5,all) = 4 | Red-Team: 2 Gegenprüfungen, 0 bestanden
Runde 10: Gilt die Schranke h*(S5, all) ≤ 4 auch ohne Permutationsdarstellung, d.h. kann eine HH_k-Realisierung mit k = 2 oder 3 über eine nicht-permutationale faithful Darstellung von S5 gefunden werden?
  keine geprüfte Behauptung (als negatives Ergebnis protokolliert)
Runde 11: Wie verhält sich h(S4, all) und h*(S4, all) im Vergleich zu S5, und lässt sich ein Muster in der Abhängigkeit von n für S_n mit Alphabet 'all' erkennen?
  keine geprüfte Behauptung (als negatives Ergebnis protokolliert)
Runde 12: Gilt h*(A5, involutions) = 2 auch dann noch, wenn man statt treuer Darstellungen von A5 beliebige endliche Gruppen H mit surjektivem Readout H -> A5 zulässt, und lässt sich die untere Schranke k >= 2 ohne Rückgriff auf numerische Charaktertafeln exakt zertifizieren?
  keine geprüfte Behauptung (als negatives Ergebnis protokolliert)
Runde 13: Gilt h*(S4, all) = 2 auch dann noch, wenn man nur Involutionen als Alphabet zulässt (also S4 mit der Teilmenge der Transpositionen und Doppeltranspositionen), und wie verhält sich h*(S4, involutions) zu h(S4, involutions) über treue reelle Darstellungen?
  keine geprüfte Behauptung (als negatives Ergebnis protokolliert)
Runde 14: Gilt h(Z2^3, all) = 3 auch dann noch, wenn man den Bereich treuer reeller Darstellungen auf Darstellungen mit Vorzeichen-Twist (Buchstaben mit -1 multipliziert) erweitert, also h*(Z2^3, all) gegen h(Z2^3, all) vergleicht, und wie verhält sich dabei das Minimum über alle endlichen Gruppen H mit surjektivem Readout?
  keine geprüfte Behauptung (als negatives Ergebnis protokolliert)
Runde 15: Wie verhält sich h*(A5, all) = 2 gegenüber h(A5, involutions) = 2, wenn man die Involutionen-Alphabete mit der Vollständigkeit aller Buchstaben vergleicht? Gilt h*(G, Sigma) = h(G, Sigma) für alle Paare aus Gruppe und Alphabet der Testmenge, oder gibt es Fälle mit echtem Abstand zwischen beiden Werten?
  geprüft (computed_rigorous): kein Abstand festgestellt (h*(A5, all) = h(A5, involutions) = 2; Gleichheit h* = h fuer alle Paare nicht bewiesen) | Red-Team: 2 Gegenprüfungen, 0 bestanden
Fertig: 9 geprüfte Aussagen, 6 negative Ergebnisse, Kosten 10.51 USD
