{"job": 0, "n": 10, "method": "delete", "side_edge": 2.3956554196714013, "improves_source_seed": false}
{"job": 10, "n": 10, "method": "delete", "side_edge": 2.4365431705766443, "improves_source_seed": false}
{"job": 20, "n": 11, "method": "delete", "side_edge": 2.5589186008477918, "improves_source_seed": false}
{"job": 30, "n": 12, "method": "delete", "side_edge": 2.577350110036716, "improves_source_seed": false}
{"job": 40, "n": 13, "method": "delete", "side_edge": 2.5952108424665665, "improves_source_seed": true}
{"job": 50, "n": 14, "method": "delete", "side_edge": 2.7989943986534933, "improves_source_seed": false}
{"job": 56, "n": 14, "method": "delete", "side_edge": 2.7260230674373567, "improves_source_seed": true}
{"job": 60, "n": 14, "method": "delete", "side_edge": 2.8180113862584553, "improves_source_seed": false}
{"job": 70, "n": 11, "method": "insert", "side_edge": 2.5398587329071485, "improves_source_seed": false}
{"job": 77, "n": 12, "method": "cluster_rotate", "side_edge": 2.558918786093013, "improves_source_seed": true}
{"job": 80, "n": 10, "method": "cluster_reflect", "side_edge": 2.3770227827991772, "improves_source_seed": true}
{"job": 90, "n": 10, "method": "cluster_rotate", "side_edge": 2.4611604262701396, "improves_source_seed": false}
{"job": 100, "n": 11, "method": "insert", "side_edge": 2.5567640897159825, "improves_source_seed": false}
{"job": 110, "n": 10, "method": "cluster_reflect", "side_edge": 2.473686333809964, "improves_source_seed": false}
{"job": 120, "n": 10, "method": "cluster_rotate", "side_edge": 2.488316964098122, "improves_source_seed": false}
{"job": 130, "n": 11, "method": "insert", "side_edge": 2.524412405665751, "improves_source_seed": false}
{"job": 140, "n": 10, "method": "cluster_reflect", "side_edge": 2.4722846513210963, "improves_source_seed": false}
{"job": 150, "n": 10, "method": "cluster_rotate", "side_edge": 2.5185853916798977, "improves_source_seed": false}
{"job": 160, "n": 11, "method": "insert", "side_edge": 2.5060584727601984, "improves_source_seed": false}
{"job": 170, "n": 10, "method": "cluster_reflect", "side_edge": 2.3977216360486975, "improves_source_seed": false}
{"job": 180, "n": 10, "method": "cluster_rotate", "side_edge": 2.4119089357160997, "improves_source_seed": false}
{"job": 190, "n": 11, "method": "insert", "side_edge": 2.5388673715532915, "improves_source_seed": false}
{"job": 200, "n": 10, "method": "cluster_reflect", "side_edge": 2.5137225100937997, "improves_source_seed": false}
{"job": 210, "n": 10, "method": "cluster_rotate", "side_edge": 2.4367812510086235, "improves_source_seed": false}
{"job": 220, "n": 11, "method": "insert", "side_edge": 2.5752672993458647, "improves_source_seed": false}
{"job": 230, "n": 10, "method": "cluster_reflect", "side_edge": 2.3806894451397107, "improves_source_seed": false}
{"job": 240, "n": 10, "method": "cluster_rotate", "side_edge": 2.4578299522024905, "improves_source_seed": false}
{"job": 250, "n": 11, "method": "insert", "side_edge": 2.52441240909287, "improves_source_seed": false}
{"job": 260, "n": 10, "method": "cluster_reflect", "side_edge": 2.454801209397105, "improves_source_seed": false}
{"job": 270, "n": 10, "method": "cluster_rotate", "side_edge": 2.4911243737358553, "improves_source_seed": false}
{"job": 280, "n": 11, "method": "insert", "side_edge": 2.523056090353303, "improves_source_seed": false}
{"job": 290, "n": 10, "method": "cluster_reflect", "side_edge": 2.458938394205894, "improves_source_seed": false}
{"job": 300, "n": 10, "method": "cluster_rotate", "side_edge": 2.504359999765438, "improves_source_seed": false}
{"job": 310, "n": 11, "method": "insert", "side_edge": 2.524982412701839, "improves_source_seed": false}
{"job": 320, "n": 10, "method": "cluster_reflect", "side_edge": 2.5199623774444486, "improves_source_seed": false}
{"job": 330, "n": 10, "method": "cluster_rotate", "side_edge": 2.3806895247652142, "improves_source_seed": false}
{"job": 340, "n": 11, "method": "insert", "side_edge": 2.53886737149848, "improves_source_seed": false}
{"job": 350, "n": 10, "method": "cluster_reflect", "side_edge": 2.513722510099446, "improves_source_seed": false}
{"job": 360, "n": 10, "method": "cluster_rotate", "side_edge": 2.4119089563798086, "improves_source_seed": false}
{"job": 370, "n": 11, "method": "insert", "side_edge": 2.5752674685324735, "improves_source_seed": false}
{"job": 380, "n": 10, "method": "cluster_reflect", "side_edge": 2.403115414290148, "improves_source_seed": false}
{"job": 390, "n": 10, "method": "cluster_rotate", "side_edge": 2.492374824957225, "improves_source_seed": false}
{"job": 400, "n": 11, "method": "insert", "side_edge": 2.5060584506097325, "improves_source_seed": false}
{"job": 410, "n": 10, "method": "cluster_reflect", "side_edge": 2.5298052626684053, "improves_source_seed": false}
{"job": 420, "n": 10, "method": "cluster_rotate", "side_edge": 2.3770227827995383, "improves_source_seed": false}
{"job": 430, "n": 11, "method": "insert", "side_edge": 2.5388673714940126, "improves_source_seed": false}
{"job": 440, "n": 10, "method": "cluster_reflect", "side_edge": 2.491124373654202, "improves_source_seed": false}
{"job": 450, "n": 10, "method": "cluster_rotate", "side_edge": 2.5298052626688725, "improves_source_seed": false}
{"job": 460, "n": 11, "method": "insert", "side_edge": 2.538867371510186, "improves_source_seed": false}
{"job": 470, "n": 10, "method": "cluster_reflect", "side_edge": 3.1119283935684487, "improves_source_seed": false}
{"job": 480, "n": 10, "method": "cluster_rotate", "side_edge": 2.52980526266815, "improves_source_seed": false}
{"job": 490, "n": 11, "method": "insert", "side_edge": 2.524412407412618, "improves_source_seed": false}
{"job": 500, "n": 10, "method": "cluster_reflect", "side_edge": 2.801365365716363, "improves_source_seed": false}
{"job": 510, "n": 10, "method": "cluster_rotate", "side_edge": 2.529805262667784, "improves_source_seed": false}
{"job": 520, "n": 11, "method": "insert", "side_edge": 2.5449593039864524, "improves_source_seed": false}
{"job": 530, "n": 10, "method": "cluster_reflect", "side_edge": 2.44936701465445, "improves_source_seed": false}
{"job": 540, "n": 10, "method": "cluster_rotate", "side_edge": 2.3770227827995374, "improves_source_seed": false}
{"job": 550, "n": 11, "method": "insert", "side_edge": 2.5244124074089225, "improves_source_seed": false}
{"job": 560, "n": 10, "method": "cluster_reflect", "side_edge": 2.3770227828022623, "improves_source_seed": false}
{"job": 570, "n": 10, "method": "cluster_rotate", "side_edge": 2.461160426263629, "improves_source_seed": false}
{"job": 580, "n": 11, "method": "insert", "side_edge": 2.497062768451339, "improves_source_seed": false}
{"job": 590, "n": 10, "method": "cluster_reflect", "side_edge": 2.377022782799562, "improves_source_seed": false}
{"job": 600, "n": 10, "method": "cluster_rotate", "side_edge": 2.377022782799816, "improves_source_seed": false}
{"job": 610, "n": 11, "method": "insert", "side_edge": 2.507022073901202, "improves_source_seed": false}
{"job": 620, "n": 10, "method": "cluster_reflect", "side_edge": 2.4419794103656893, "improves_source_seed": false}
{"job": 630, "n": 10, "method": "cluster_rotate", "side_edge": 2.549570100073884, "improves_source_seed": false}
{"job": 640, "n": 11, "method": "insert", "side_edge": 2.5388673399956976, "improves_source_seed": false}
{"job": 650, "n": 10, "method": "cluster_reflect", "side_edge": 2.3770227828000903, "improves_source_seed": false}
{"job": 660, "n": 10, "method": "cluster_rotate", "side_edge": 2.574199619450389, "improves_source_seed": false}
{"job": 670, "n": 11, "method": "insert", "side_edge": 2.544864104478972, "improves_source_seed": false}
{"job": 680, "n": 10, "method": "cluster_reflect", "side_edge": 2.449367014654367, "improves_source_seed": false}
{"job": 690, "n": 10, "method": "cluster_rotate", "side_edge": 2.3770227828117334, "improves_source_seed": false}
{"job": 700, "n": 11, "method": "insert", "side_edge": 2.5060584727463744, "improves_source_seed": false}
{"job": 710, "n": 10, "method": "cluster_reflect", "side_edge": 2.5074514764529208, "improves_source_seed": false}
{"job": 720, "n": 10, "method": "cluster_rotate", "side_edge": 2.3977216360486286, "improves_source_seed": false}
{"job": 730, "n": 11, "method": "insert", "side_edge": 2.529805262668095, "improves_source_seed": false}
