{"kind": "baseline", "n": 26, "sum": 2.635983084919, "exact": {"passed": true, "n": 26, "value": "2635983058919/1000000000000", "approximate": 2.635983058919, "pairs": 325, "comparison_gap": "-13/500000000", "improves_frozen_comparison": false}}
{"kind": "baseline", "n": 27, "sum": 2.685978684198, "exact": {"passed": true, "n": 27, "value": "1342989328599/500000000000", "approximate": 2.685978657198, "pairs": 351, "comparison_gap": "-27/1000000000", "improves_frozen_comparison": false}}
{"kind": "baseline", "n": 28, "sum": 2.737739985536, "exact": {"passed": true, "n": 28, "value": "85554373673/31250000000", "approximate": 2.737739957536, "pairs": 378, "comparison_gap": "-7/250000000", "improves_frozen_comparison": false}}
{"kind": "baseline", "n": 29, "sum": 2.790344154631, "exact": {"passed": true, "n": 29, "value": "2790344125631/1000000000000", "approximate": 2.790344125631, "pairs": 406, "comparison_gap": "-29/1000000000", "improves_frozen_comparison": false}}
{"kind": "baseline", "n": 30, "sum": 2.842668747462, "exact": {"passed": true, "n": 30, "value": "1421334358731/500000000000", "approximate": 2.842668717462, "pairs": 435, "comparison_gap": "-3/100000000", "improves_frozen_comparison": false}}
{"kind": "baseline", "n": 31, "sum": 2.8899698519329995, "exact": {"passed": true, "n": 31, "value": "2889969820933/1000000000000", "approximate": 2.889969820933, "pairs": 465, "comparison_gap": "-31/1000000000", "improves_frozen_comparison": false}}
{"kind": "baseline", "n": 32, "sum": 2.939572771205, "exact": {"passed": true, "n": 32, "value": "587914547841/200000000000", "approximate": 2.939572739205, "pairs": 496, "comparison_gap": "-1/31250000", "improves_frozen_comparison": false}}
{"kind": "baseline", "n": 33, "sum": 2.987285008592, "exact": {"passed": true, "n": 33, "value": "373410621949/125000000000", "approximate": 2.987284975592, "pairs": 528, "comparison_gap": "-33/1000000000", "improves_frozen_comparison": false}}
{"kind": "baseline", "n": 34, "sum": 3.0297992711860005, "exact": {"passed": true, "n": 34, "value": "1514899618593/500000000000", "approximate": 3.029799237186, "pairs": 561, "comparison_gap": "-17/500000000", "improves_frozen_comparison": false}}
{"kind": "baseline", "n": 35, "sum": 3.0740363637300003, "exact": {"passed": true, "n": 35, "value": "307403632873/100000000000", "approximate": 3.07403632873, "pairs": 595, "comparison_gap": "-7/200000000", "improves_frozen_comparison": false}}
{"kind": "baseline", "n": 36, "sum": 3.1217544861020006, "exact": {"passed": true, "n": 36, "value": "1560877225051/500000000000", "approximate": 3.121754450102, "pairs": 630, "comparison_gap": "-9/250000000", "improves_frozen_comparison": false}}
{"kind": "baseline", "n": 37, "sum": 3.1614989161789993, "exact": {"passed": true, "n": 37, "value": "3161498879179/1000000000000", "approximate": 3.161498879179, "pairs": 666, "comparison_gap": "-37/1000000000", "improves_frozen_comparison": false}}
{"kind": "baseline", "n": 38, "sum": 3.205945627974, "exact": {"passed": true, "n": 38, "value": "1602972794987/500000000000", "approximate": 3.205945589974, "pairs": 703, "comparison_gap": "-19/500000000", "improves_frozen_comparison": false}}
{"kind": "baseline", "n": 39, "sum": 3.248110798175, "exact": {"passed": true, "n": 39, "value": "129924430367/40000000000", "approximate": 3.248110759175, "pairs": 741, "comparison_gap": "-39/1000000000", "improves_frozen_comparison": false}}
{"kind": "baseline", "n": 40, "sum": 3.2923915726080004, "exact": {"passed": true, "n": 40, "value": "51443617697/15625000000", "approximate": 3.292391532608, "pairs": 780, "comparison_gap": "-1/25000000", "improves_frozen_comparison": false}}
{"job": 0, "n": 26, "method": "neighbor_delete", "value": 2.6239344870030807, "best": 2.635983084919, "gap": 0.0, "stale": 1}
{"job": 15, "n": 26, "method": "boundary", "value": 2.635983084917189, "best": 2.635983084919, "gap": 0.0, "stale": 16}
{"job": 30, "n": 26, "method": "mixed", "value": 2.635983084916751, "best": 2.635983084919, "gap": 0.0, "stale": 31}
{"job": 45, "n": 26, "method": "shake", "value": 2.6359830849175307, "best": 2.635983084919, "gap": 0.0, "stale": 46}
{"job": 60, "n": 26, "method": "cavity", "value": 2.619718618587091, "best": 2.635983084919, "gap": 0.0, "stale": 61}
{"job": 75, "n": 26, "method": "boundary", "value": 2.62052012450475, "best": 2.635983084919, "gap": 0.0, "stale": 76}
{"job": 90, "n": 26, "method": "mixed", "value": 2.635983084918876, "best": 2.635983084919, "gap": 0.0, "stale": 91}
{"job": 105, "n": 40, "method": "shake", "value": 3.2848291662344122, "best": 3.2923915726080004, "gap": 0.0, "stale": 6}
{"job": 120, "n": 40, "method": "cavity", "value": 3.292391572608918, "best": 3.2923915726080004, "gap": 0.0, "stale": 21}
{"job": 135, "n": 40, "method": "boundary", "value": 3.276857498450667, "best": 3.2923915726080004, "gap": 0.0, "stale": 36}
{"job": 150, "n": 40, "method": "mixed", "value": 3.2885943434905585, "best": 3.2923915726080004, "gap": 0.0, "stale": 51}
{"job": 165, "n": 40, "method": "shake", "value": 3.292391572606796, "best": 3.2923915726080004, "gap": 0.0, "stale": 66}
{"job": 180, "n": 40, "method": "cavity", "value": 3.2923915726087456, "best": 3.2923915726080004, "gap": 0.0, "stale": 81}
{"job": 195, "n": 40, "method": "neighbor_insert", "value": 3.2815566655327535, "best": 3.2923915726080004, "gap": 0.0, "stale": 96}
{"job": 210, "n": 26, "method": "mixed", "value": 2.635983084917471, "best": 2.635983084919, "gap": 0.0, "stale": 11}
{"job": 225, "n": 26, "method": "shake", "value": 2.6358957385818833, "best": 2.635983084919, "gap": 0.0, "stale": 26}
{"job": 240, "n": 26, "method": "cavity", "value": 2.6359830849142223, "best": 2.635983084919, "gap": 0.0, "stale": 41}
{"job": 255, "n": 26, "method": "boundary", "value": 2.6359830849226933, "best": 2.635983084919, "gap": 0.0, "stale": 56}
{"job": 270, "n": 26, "method": "mixed", "value": 2.635983084917562, "best": 2.635983084919, "gap": 0.0, "stale": 71}
{"job": 285, "n": 26, "method": "shake", "value": 2.6359830849176302, "best": 2.635983084919, "gap": 0.0, "stale": 86}
{"job": 300, "n": 40, "method": "cavity", "value": 3.2729957170288086, "best": 3.2923915726080004, "gap": 0.0, "stale": 1}
{"job": 315, "n": 40, "method": "boundary", "value": 3.292391572607431, "best": 3.2923915726080004, "gap": 0.0, "stale": 16}
{"job": 330, "n": 40, "method": "mixed", "value": 3.292391572609043, "best": 3.2923915726080004, "gap": 0.0, "stale": 31}
{"job": 345, "n": 40, "method": "shake", "value": 3.2923915726089135, "best": 3.2923915726080004, "gap": 0.0, "stale": 46}
{"job": 360, "n": 40, "method": "cavity", "value": 3.2747721804877203, "best": 3.2923915726080004, "gap": 0.0, "stale": 61}
{"job": 375, "n": 40, "method": "boundary", "value": 3.2758035180247154, "best": 3.2923915726080004, "gap": 0.0, "stale": 76}
{"job": 390, "n": 40, "method": "neighbor_insert", "value": 3.2780272043411243, "best": 3.2923915726080004, "gap": 0.0, "stale": 91}
{"job": 405, "n": 26, "method": "shake", "value": 2.6358957385827475, "best": 2.635983084919, "gap": 0.0, "stale": 6}
{"job": 420, "n": 26, "method": "cavity", "value": 2.6359830849175396, "best": 2.635983084919, "gap": 0.0, "stale": 21}
{"job": 435, "n": 26, "method": "boundary", "value": 2.635983084923749, "best": 2.635983084919, "gap": 0.0, "stale": 36}
{"job": 450, "n": 26, "method": "mixed", "value": 2.635983084918043, "best": 2.635983084919, "gap": 0.0, "stale": 51}
{"job": 465, "n": 26, "method": "shake", "value": 2.6359830849176693, "best": 2.635983084919, "gap": 0.0, "stale": 66}
{"job": 480, "n": 26, "method": "cavity", "value": 2.6359830849171177, "best": 2.635983084919, "gap": 0.0, "stale": 81}
{"job": 495, "n": 26, "method": "neighbor_delete", "value": 2.606992519775626, "best": 2.635983084919, "gap": 0.0, "stale": 96}
{"job": 510, "n": 40, "method": "mixed", "value": 3.288594343490434, "best": 3.2923915726080004, "gap": 0.0, "stale": 11}
{"job": 525, "n": 40, "method": "shake", "value": 3.2922809505912767, "best": 3.2923915726080004, "gap": 0.0, "stale": 26}
{"job": 540, "n": 40, "method": "cavity", "value": 3.2923915726059763, "best": 3.2923915726080004, "gap": 0.0, "stale": 41}
{"job": 555, "n": 40, "method": "boundary", "value": 3.292391572608831, "best": 3.2923915726080004, "gap": 0.0, "stale": 56}
{"job": 570, "n": 40, "method": "mixed", "value": 3.2923915726084965, "best": 3.2923915726080004, "gap": 0.0, "stale": 71}
{"job": 585, "n": 40, "method": "neighbor_insert", "value": 3.2822909020762423, "best": 3.2923915726080004, "gap": 0.0, "stale": 86}
{"job": 600, "n": 26, "method": "cavity", "value": 2.586488832824076, "best": 2.635983084919, "gap": 0.0, "stale": 1}
{"job": 615, "n": 26, "method": "boundary", "value": 2.6197186185855506, "best": 2.635983084919, "gap": 0.0, "stale": 16}
{"job": 630, "n": 26, "method": "mixed", "value": 2.635983084917526, "best": 2.635983084919, "gap": 0.0, "stale": 31}
{"job": 645, "n": 26, "method": "shake", "value": 2.6359830849199373, "best": 2.635983084919, "gap": 0.0, "stale": 46}
{"job": 660, "n": 26, "method": "neighbor_delete", "value": 2.606992519775626, "best": 2.635983084919, "gap": 0.0, "stale": 61}
{"job": 675, "n": 26, "method": "boundary", "value": 2.6359830849163353, "best": 2.635983084919, "gap": 0.0, "stale": 76}
{"job": 690, "n": 26, "method": "mixed", "value": 2.635983084913127, "best": 2.635983084919, "gap": 0.0, "stale": 91}
{"job": 705, "n": 40, "method": "shake", "value": 3.292391572609216, "best": 3.2923915726080004, "gap": 0.0, "stale": 6}
{"job": 720, "n": 40, "method": "cavity", "value": 3.27314658253748, "best": 3.2923915726080004, "gap": 0.0, "stale": 21}
{"job": 735, "n": 40, "method": "boundary", "value": 3.288594343487744, "best": 3.2923915726080004, "gap": 0.0, "stale": 36}
{"job": 750, "n": 40, "method": "mixed", "value": 3.2923915726088584, "best": 3.2923915726080004, "gap": 0.0, "stale": 51}
{"job": 765, "n": 40, "method": "shake", "value": 3.292391572615562, "best": 3.2923915726080004, "gap": 0.0, "stale": 66}
{"job": 780, "n": 40, "method": "neighbor_insert", "value": 3.2693841911159156, "best": 3.2923915726080004, "gap": 0.0, "stale": 81}
{"job": 795, "n": 40, "method": "boundary", "value": 3.2923915726088664, "best": 3.2923915726080004, "gap": 0.0, "stale": 96}
{"job": 810, "n": 26, "method": "mixed", "value": 2.619344865668902, "best": 2.635983084919, "gap": 0.0, "stale": 11}
{"job": 825, "n": 26, "method": "neighbor_delete", "value": 2.631730170753489, "best": 2.635983084919, "gap": 0.0, "stale": 26}
{"job": 840, "n": 26, "method": "cavity", "value": 2.6359830849177066, "best": 2.635983084919, "gap": 0.0, "stale": 41}
{"job": 855, "n": 26, "method": "boundary", "value": 2.635983084919797, "best": 2.635983084919, "gap": 0.0, "stale": 56}
{"job": 870, "n": 26, "method": "mixed", "value": 2.635983084917539, "best": 2.635983084919, "gap": 0.0, "stale": 71}
{"job": 885, "n": 26, "method": "shake", "value": 2.6359773947555674, "best": 2.635983084919, "gap": 0.0, "stale": 86}
{"job": 900, "n": 40, "method": "cavity", "value": 3.29228095059179, "best": 3.2923915726080004, "gap": 0.0, "stale": 1}
{"job": 915, "n": 40, "method": "boundary", "value": 3.292391572610942, "best": 3.2923915726080004, "gap": 0.0, "stale": 16}
{"job": 930, "n": 40, "method": "mixed", "value": 3.292391572609036, "best": 3.2923915726080004, "gap": 0.0, "stale": 31}
{"job": 945, "n": 40, "method": "shake", "value": 3.292391572609286, "best": 3.2923915726080004, "gap": 0.0, "stale": 46}
{"job": 960, "n": 40, "method": "cavity", "value": 3.292391572615845, "best": 3.2923915726080004, "gap": 0.0, "stale": 61}
{"job": 975, "n": 40, "method": "neighbor_insert", "value": 3.2708612009946636, "best": 3.2923915726080004, "gap": 0.0, "stale": 76}
{"job": 990, "n": 40, "method": "mixed", "value": 3.2885943434899416, "best": 3.2923915726080004, "gap": 0.0, "stale": 91}
{"job": 1005, "n": 26, "method": "shake", "value": 2.6359830849174766, "best": 2.635983084919, "gap": 0.0, "stale": 6}
{"job": 1020, "n": 26, "method": "cavity", "value": 2.6358957385818873, "best": 2.635983084919, "gap": 0.0, "stale": 21}
{"job": 1035, "n": 26, "method": "boundary", "value": 2.622154689293473, "best": 2.635983084919, "gap": 0.0, "stale": 36}
{"job": 1050, "n": 26, "method": "mixed", "value": 2.63598308491761, "best": 2.635983084919, "gap": 0.0, "stale": 51}
{"job": 1065, "n": 26, "method": "shake", "value": 2.6330352288724246, "best": 2.635983084919, "gap": 0.0, "stale": 66}
{"job": 1080, "n": 26, "method": "cavity", "value": 2.6044208574361334, "best": 2.635983084919, "gap": 0.0, "stale": 81}
{"job": 1095, "n": 26, "method": "boundary", "value": 2.6197186185904364, "best": 2.635983084919, "gap": 0.0, "stale": 96}
{"job": 1110, "n": 40, "method": "mixed", "value": 3.2923915726116517, "best": 3.2923915726080004, "gap": 0.0, "stale": 11}
{"job": 1125, "n": 40, "method": "shake", "value": 3.2923915726088513, "best": 3.2923915726080004, "gap": 0.0, "stale": 26}
{"job": 1140, "n": 40, "method": "cavity", "value": 3.26917677632627, "best": 3.2923915726080004, "gap": 0.0, "stale": 41}
{"job": 1155, "n": 40, "method": "boundary", "value": 3.292391572608487, "best": 3.2923915726080004, "gap": 0.0, "stale": 56}
{"job": 1170, "n": 40, "method": "neighbor_insert", "value": 3.270327256544771, "best": 3.2923915726080004, "gap": 0.0, "stale": 71}
{"job": 1185, "n": 40, "method": "shake", "value": 3.2920678440680504, "best": 3.2923915726080004, "gap": 0.0, "stale": 86}
{"job": 1200, "n": 26, "method": "cavity", "value": 2.635977394754345, "best": 2.635983084919, "gap": 0.0, "stale": 1}
{"job": 1215, "n": 26, "method": "boundary", "value": 2.635983084917517, "best": 2.635983084919, "gap": 0.0, "stale": 16}
{"job": 1230, "n": 26, "method": "mixed", "value": 2.6359830849176062, "best": 2.635983084919, "gap": 0.0, "stale": 31}
{"job": 1245, "n": 26, "method": "shake", "value": 2.6359773947544225, "best": 2.635983084919, "gap": 0.0, "stale": 46}
{"job": 1260, "n": 26, "method": "cavity", "value": 2.5868535790025966, "best": 2.635983084919, "gap": 0.0, "stale": 61}
{"job": 1275, "n": 26, "method": "boundary", "value": 2.635983084917932, "best": 2.635983084919, "gap": 0.0, "stale": 76}
{"job": 1290, "n": 26, "method": "mixed", "value": 2.635983084917705, "best": 2.635983084919, "gap": 0.0, "stale": 91}
{"job": 1305, "n": 40, "method": "shake", "value": 3.283432401581398, "best": 3.2923915726080004, "gap": 0.0, "stale": 6}
{"job": 1320, "n": 40, "method": "cavity", "value": 3.2923915726067046, "best": 3.2923915726080004, "gap": 0.0, "stale": 21}
{"job": 1335, "n": 40, "method": "boundary", "value": 3.2923915726096116, "best": 3.2923915726080004, "gap": 0.0, "stale": 36}
{"job": 1350, "n": 40, "method": "mixed", "value": 3.2923915726084387, "best": 3.2923915726080004, "gap": 0.0, "stale": 51}
{"job": 1365, "n": 40, "method": "neighbor_insert", "value": 3.2812512392481796, "best": 3.2923915726080004, "gap": 0.0, "stale": 66}
{"job": 1380, "n": 40, "method": "cavity", "value": 3.275210194425064, "best": 3.2923915726080004, "gap": 0.0, "stale": 81}
{"job": 1395, "n": 40, "method": "boundary", "value": 3.266249466406606, "best": 3.2923915726080004, "gap": 0.0, "stale": 96}
{"job": 1410, "n": 26, "method": "mixed", "value": 2.6359830849178882, "best": 2.635983084919, "gap": 0.0, "stale": 11}
{"job": 1425, "n": 26, "method": "shake", "value": 2.6353284124889576, "best": 2.635983084919, "gap": 0.0, "stale": 26}
{"job": 1440, "n": 26, "method": "cavity", "value": 2.6188196193269064, "best": 2.635983084919, "gap": 0.0, "stale": 41}
{"job": 1455, "n": 26, "method": "boundary", "value": 2.635983084917622, "best": 2.635983084919, "gap": 0.0, "stale": 56}
{"job": 1470, "n": 26, "method": "mixed", "value": 2.635983084917198, "best": 2.635983084919, "gap": 0.0, "stale": 71}
{"job": 1485, "n": 26, "method": "neighbor_delete", "value": 2.6272767513824733, "best": 2.635983084919, "gap": 0.0, "stale": 86}
{"job": 1500, "n": 40, "method": "cavity", "value": 3.2779608878537085, "best": 3.2923915726080004, "gap": 0.0, "stale": 1}
{"job": 1515, "n": 40, "method": "boundary", "value": 3.288594343490081, "best": 3.2923915726080004, "gap": 0.0, "stale": 16}
{"job": 1530, "n": 40, "method": "mixed", "value": 3.2923915726092448, "best": 3.2923915726080004, "gap": 0.0, "stale": 31}
{"job": 1545, "n": 40, "method": "shake", "value": 3.2923915726088335, "best": 3.2923915726080004, "gap": 0.0, "stale": 46}
{"jobs": 1559, "seed": 41000, "wall_seconds": 360.04278391700063, "baseline": {"26": 2.635983084919, "27": 2.685978684198, "28": 2.737739985536, "29": 2.790344154631, "30": 2.842668747462, "31": 2.8899698519329995, "32": 2.939572771205, "33": 2.987285008592, "34": 3.0297992711860005, "35": 3.0740363637300003, "36": 3.1217544861020006, "37": 3.1614989161789993, "38": 3.205945627974, "39": 3.248110798175, "40": 3.2923915726080004}, "best": {"26": 2.635983084919, "27": 2.685978684198, "28": 2.737739985536, "29": 2.790344154631, "30": 2.842668747462, "31": 2.8899698519329995, "32": 2.939572771205, "33": 2.987285008592, "34": 3.0297992711860005, "35": 3.0740363637300003, "36": 3.1217544861020006, "37": 3.1614989161789993, "38": 3.205945627974, "39": 3.248110798175, "40": 3.2923915726080004}, "completed": true}
